025-07-01 18:27:27.049  3926-14850 RecentsModel            com.mi.android.globallauncher        W  getRunningTask   taskInfo=TaskInfo{userId=0 taskId=502 displayId=0 isRunning=true baseIntent=Intent { act=android.intent.action.MAIN cat=[android.intent.category.LAUNCHER] flg=0x10200000 cmp=com.lucasbeats.federacao/.MainActivity } baseActivity=ComponentInfo{com.lucasbeats.federacao/com.lucasbeats.federacao.MainActivity} topActivity=ComponentInfo{com.lucasbeats.federacao/com.lucasbeats.federacao.MainActivity} origActivity=null realActivity=ComponentInfo{com.lucasbeats.federacao/com.lucasbeats.federacao.MainActivity} numActivities=1 lastActiveTime=4950965 supportsSplitScreenMultiWindow=true supportsMultiWindow=true resizeMode=1 isResizeable=true minWidth=-1 minHeight=-1 defaultMinSize=200 token=WCT{android.window.IWindowContainerToken$Stub$Proxy@c298c2f} topActivityType=1 pictureInPictureParams=null shouldDockBigOverlays=false launchIntoPipHostTaskId=0 displayCutoutSafeInsets=Rect(0, 104 - 0, 0) topActivityInfo=ActivityInfo{1c1323c com.lucasbeats.federacao.MainActivity} launchCookies=[] positionInParent=Point(0, 0) parentTaskId=-1 isFocused=true isVisible=true isSleeping=false topActivityInSizeCompat=false topActivityInMiuiSizeCompat=false topActivityEligibleForLetterboxEducation= false locusId=null displayAreaFeatureId=1 cameraCompatControlState=hidden mIsCastMode=false}
2025-07-01 18:27:27.049  3926-14850 RecentsModel            com.mi.android.globallauncher        W  getTaskInfoIgnoreHomeAndFreeform   taskInfo=ComponentInfo{com.lucasbeats.federacao/com.lucasbeats.federacao.MainActivity}
2025-07-01 18:27:27.056  3926-3926  TaskView                com.mi.android.globallauncher        D  TaskView bind task, task=[TaskKey{id=502, stackId=0, baseIntent=Intent { act=android.intent.action.MAIN cat=[android.intent.category.LAUNCHER] flg=0x10200000 cmp=com.lucasbeats.federacao/.MainActivity }, userId=0, lastActiveTime=4921333, windowingMode=1, isThumbnailBlur=false, isScreening=false, topActivity=ComponentInfo{com.lucasbeats.federacao/com.lucasbeats.federacao.MainActivity}, mHashCode=15878634}, title=lucasbeatsfederacao, titleDescription=lucasbeatsfederacao, bounds=null, isLaunchTarget=true, isStackTask=true, isSystemApp=false, isDockable=true, baseActivity=ComponentInfo{com.lucasbeats.federacao/com.lucasbeats.federacao.MainActivity}, isLocked=false, isAccessLocked=false, mNeedHide=false] , isLock=false
2025-07-01 18:27:27.056  3926-3926  TaskView                com.mi.android.globallauncher        D  TaskView bind task, task=[TaskKey{id=502, stackId=0, baseIntent=Intent { act=android.intent.action.MAIN cat=[android.intent.category.LAUNCHER] flg=0x10200000 cmp=com.lucasbeats.federacao/.MainActivity }, userId=0, lastActiveTime=4921333, windowingMode=1, isThumbnailBlur=false, isScreening=false, topActivity=ComponentInfo{com.lucasbeats.federacao/com.lucasbeats.federacao.MainActivity}, mHashCode=15878634}, title=lucasbeatsfederacao, titleDescription=lucasbeatsfederacao, bounds=null, isLaunchTarget=true, isStackTask=true, isSystemApp=false, isDockable=true, baseActivity=ComponentInfo{com.lucasbeats.federacao/com.lucasbeats.federacao.MainActivity}, isLocked=false, isAccessLocked=false, mNeedHide=false] , isLock=false
2025-07-01 18:27:27.057  3926-3926  TaskView                com.mi.android.globallauncher        D  TaskView bind task, task=[TaskKey{id=502, stackId=0, baseIntent=Intent { act=android.intent.action.MAIN cat=[android.intent.category.LAUNCHER] flg=0x10200000 cmp=com.lucasbeats.federacao/.MainActivity }, userId=0, lastActiveTime=4921333, windowingMode=1, isThumbnailBlur=false, isScreening=false, topActivity=ComponentInfo{com.lucasbeats.federacao/com.lucasbeats.federacao.MainActivity}, mHashCode=15878634}, title=lucasbeatsfederacao, titleDescription=lucasbeatsfederacao, bounds=null, isLaunchTarget=true, isStackTask=true, isSystemApp=false, isDockable=true, baseActivity=ComponentInfo{com.lucasbeats.federacao/com.lucasbeats.federacao.MainActivity}, isLocked=false, isAccessLocked=false, mNeedHide=false] , isLock=false
2025-07-01 18:27:27.087 12864-13455 ProcessMonitor          com.miui.msa.global                  I  onForegroundInfoChanged: ForegroundInfo{mForegroundPackageName='com.mi.android.globallauncher', mForegroundUid=10153, mForegroundPid=3926, mLastForegroundPackageName='com.lucasbeats.federacao', mLastForegroundUid=10373, mLastForegroundPid=15129, mMultiWindowForegroundPackageName='com.mi.android.globallauncher', mMultiWindowForegroundUid=10153, mFlags=0}
2025-07-01 18:27:27.087  3926-8996  AppObserver             com.mi.android.globallauncher        D  ForegroundInfo{mForegroundPackageName='com.mi.android.globallauncher', mForegroundUid=10153, mForegroundPid=3926, mLastForegroundPackageName='com.lucasbeats.federacao', mLastForegroundUid=10373, mLastForegroundPid=15129, mMultiWindowForegroundPackageName='com.mi.android.globallauncher', mMultiWindowForegroundUid=10153, mFlags=0}
2025-07-01 18:27:27.087 21999-22157 AppObserver             com.mi.android.globallauncher        D  ForegroundInfo{mForegroundPackageName='com.mi.android.globallauncher', mForegroundUid=10153, mForegroundPid=3926, mLastForegroundPackageName='com.lucasbeats.federacao', mLastForegroundUid=10373, mLastForegroundPid=15129, mMultiWindowForegroundPackageName='com.mi.android.globallauncher', mMultiWindowForegroundUid=10153, mFlags=0}
2025-07-01 18:27:27.088 26866-26881 ProcessMonitor          com.miui.msa.global                  I  onForegroundInfoChanged: ForegroundInfo{mForegroundPackageName='com.mi.android.globallauncher', mForegroundUid=10153, mForegroundPid=3926, mLastForegroundPackageName='com.lucasbeats.federacao', mLastForegroundUid=10373, mLastForegroundPid=15129, mMultiWindowForegroundPackageName='com.mi.android.globallauncher', mMultiWindowForegroundUid=10153, mFlags=0}
2025-07-01 18:27:27.088  7769-31020 ProcessMonitor          com.miui.securitycenter.remote       I  onForegroundInfoChanged: ForegroundInfo{mForegroundPackageName='com.mi.android.globallauncher', mForegroundUid=10153, mForegroundPid=3926, mLastForegroundPackageName='com.lucasbeats.federacao', mLastForegroundUid=10373, mLastForegroundPid=15129, mMultiWindowForegroundPackageName='com.mi.android.globallauncher', mMultiWindowForegroundUid=10153, mFlags=0}
2025-07-01 18:27:27.089 21884-32323 ProcessMonitor          com.miui.securitycenter.remote       I  onForegroundInfoChanged: ForegroundInfo{mForegroundPackageName='com.mi.android.globallauncher', mForegroundUid=10153, mForegroundPid=3926, mLastForegroundPackageName='com.lucasbeats.federacao', mLastForegroundUid=10373, mLastForegroundPid=15129, mMultiWindowForegroundPackageName='com.mi.android.globallauncher', mMultiWindowForegroundUid=10153, mFlags=0}
2025-07-01 18:27:27.090  9959-12322 PerfEngineController    com.miui.powerkeeper                 D  ForegroundInfo{mForegroundPackageName='com.mi.android.globallauncher', mForegroundUid=10153, mForegroundPid=3926, mLastForegroundPackageName='com.lucasbeats.federacao', mLastForegroundUid=10373, mLastForegroundPid=15129, mMultiWindowForegroundPackageName='com.mi.android.globallauncher', mMultiWindowForegroundUid=10153, mFlags=0}
2025-07-01 18:27:27.090  9975-15075 GST                     com.xiaomi.joyose                    I  forePkg: com.mi.android.globallauncher, preForePkg: com.lucasbeats.federacao
2025-07-01 18:27:27.091  9975-15075 GID                     com.xiaomi.joyose                    I  PKG: com.lucasbeats.federacao IG ? false
2025-07-01 18:27:27.092  7769-31020 GameBoosterService      com.miui.securitycenter.remote       I  onForegroundInfoChanged: Cur=com.mi.android.globallauncher	 last=com.lucasbeats.federacao
2025-07-01 18:27:27.093  7769-31020 GameBoosterService      com.miui.securitycenter.remote       D  onGameStatusChange foreground:ForegroundInfo{mForegroundPackageName='com.mi.android.globallauncher', mForegroundUid=10153, mForegroundPid=3926, mLastForegroundPackageName='com.lucasbeats.federacao', mLastForegroundUid=10373, mLastForegroundPid=15129, mMultiWindowForegroundPackageName='com.mi.android.globallauncher', mMultiWindowForegroundUid=10153, mFlags=0}
2025-07-01 18:27:27.093  7769-31020 BeautyService           com.miui.securitycenter.remote       I  onForegroundInfoChanged: Cur=com.mi.android.globallauncher	 last=com.lucasbeats.federacao
2025-07-01 18:27:27.093  9975-15075 GID                     com.xiaomi.joyose                    I  PKG: com.lucasbeats.federacao IG ? false
2025-07-01 18:27:27.097 15129-15129 OrientationModule       com.lucasbeats.federacao             D  onActivityPaused
2025-07-01 18:27:27.097 15129-28527 SessionLifecycleClient  com.lucasbeats.federacao             D  Sending lifecycle 2 to service
2025-07-01 18:27:27.099  3926-3926  TaskView                com.mi.android.globallauncher        D  TaskView bind task, task=[TaskKey{id=502, stackId=0, baseIntent=Intent { act=android.intent.action.MAIN cat=[android.intent.category.LAUNCHER] flg=0x10200000 cmp=com.lucasbeats.federacao/.MainActivity }, userId=0, lastActiveTime=4921333, windowingMode=1, isThumbnailBlur=false, isScreening=false, topActivity=ComponentInfo{com.lucasbeats.federacao/com.lucasbeats.federacao.MainActivity}, mHashCode=15878634}, title=lucasbeatsfederacao, titleDescription=lucasbeatsfederacao, bounds=null, isLaunchTarget=true, isStackTask=true, isSystemApp=false, isDockable=true, baseActivity=ComponentInfo{com.lucasbeats.federacao/com.lucasbeats.federacao.MainActivity}, isLocked=false, isAccessLocked=false, mNeedHide=false] , isLock=false
2025-07-01 18:27:27.100 15129-28579 SessionLifecycleService com.lucasbeats.federacao             D  Activity backgrounding at 4831909
2025-07-01 18:27:27.143  2702-2868  SmartPower...373(15129) system_server                        I  visible->invisible(29676ms) R(become invisible) adj=200.
2025-07-01 18:27:27.143  2702-2868  SmartPower...373(15129) system_server                        I  invisible->background(0ms) R(become background) adj=200.
2025-07-01 18:27:27.178  3926-3926  TaskViewThumbnail       com.mi.android.globallauncher        D  updateThumbnailScale, t=[TaskKey{id=502, stackId=0, baseIntent=Intent { act=android.intent.action.MAIN cat=[android.intent.category.LAUNCHER] flg=0x10200000 cmp=com.lucasbeats.federacao/.MainActivity }, userId=0, lastActiveTime=4921333, windowingMode=1, isThumbnailBlur=false, isScreening=false, topActivity=ComponentInfo{com.lucasbeats.federacao/com.lucasbeats.federacao.MainActivity}, mHashCode=15878634}, title=lucasbeatsfederacao, titleDescription=lucasbeatsfederacao, bounds=null, isLaunchTarget=true, isStackTask=true, isSystemApp=false, isDockable=true, baseActivity=ComponentInfo{com.lucasbeats.federacao/com.lucasbeats.federacao.MainActivity}, isLocked=false, isAccessLocked=false, mNeedHide=false] , mThumbnailBitmapSizeAfterScaled=(529, 1115)
2025-07-01 18:27:27.194  3926-4768  ActivityManagerWrapper  com.mi.android.globallauncher        E  getRecentTasks: mainTaskId=502   userId=0   baseIntent=Intent { act=android.intent.action.MAIN flag=270532608 cmp=ComponentInfo{com.lucasbeats.federacao/com.lucasbeats.federacao.MainActivity} }
2025-07-01 18:27:27.206  3926-4768  ActivityManagerWrapper  com.mi.android.globallauncher        E  getRecentTasks: mainTaskId=502   userId=0   baseIntent=Intent { act=android.intent.action.MAIN flag=270532608 cmp=ComponentInfo{com.lucasbeats.federacao/com.lucasbeats.federacao.MainActivity} }
2025-07-01 18:27:27.558  2702-4182  InputManager-JNI        system_server                        W  Input channel object '26053cb Splash Screen com.lucasbeats.federacao (client)' was disposed without first being removed with the input manager!
2025-07-01 18:27:27.682 15129-15129 MiuiMagicP...ubHeadImpl com.lucasbeats.federacao             W  MiuiMagicPointerUtilsStubHeadImpl has been initialized !!
2025-07-01 18:27:27.694 15129-15129 OrientationModule       com.lucasbeats.federacao             D  onActivityStopped
2025-07-01 18:27:27.700 15129-15129 OrientationModule       com.lucasbeats.federacao             D  onActivitySaveInstanceState
2025-07-01 18:27:27.713  2702-4211  ProcessMemoryCleaner    system_server                        D  Compact memory: com.lucasbeats.federacao/10373(15129) state=inactive adj=702 pri=111 usage=5 isKilled=false pss:370535 swap:204
2025-07-01 18:27:28.542  3926-3926  RecentsContainer        com.mi.android.globallauncher        D  removeTask: [TaskKey{id=502, stackId=0, baseIntent=Intent { act=android.intent.action.MAIN cat=[android.intent.category.LAUNCHER] flg=0x10200000 cmp=com.lucasbeats.federacao/.MainActivity }, userId=0, lastActiveTime=4921333, windowingMode=1, isThumbnailBlur=false, isScreening=false, topActivity=ComponentInfo{com.lucasbeats.federacao/com.lucasbeats.federacao.MainActivity}, mHashCode=15878634}, title=lucasbeatsfederacao, titleDescription=lucasbeatsfederacao, bounds=null, isLaunchTarget=true, isStackTask=true, isSystemApp=false, isDockable=true, baseActivity=ComponentInfo{com.lucasbeats.federacao/com.lucasbeats.federacao.MainActivity}, isLocked=false, isAccessLocked=false, mNeedHide=false] 
2025-07-01 18:27:28.544  2702-2934  WindowProcessUtils      system_server                        D  remove task: Task{80aabaf #502 type=standard A=10373:com.lucasbeats.federacao U=0 visible=false visibleRequested=false mode=fullscreen translucent=true sz=1}
2025-07-01 18:27:28.558  2702-2934  ProcessSceneCleaner     system_server                        I  SwipeUpClean: kill procName=com.lucasbeats.federacao info=AS:90018
2025-07-01 18:27:28.558  2702-2934  ActivityManager         system_server                        I  Killing 15129:com.lucasbeats.federacao/u0a373 (adj 900): SwipeUpClean
2025-07-01 18:27:28.868  2702-3998  WindowManager           system_server                        I  WIN DEATH: Window{14de59e u0 com.lucasbeats.federacao/com.lucasbeats.federacao.MainActivity}
2025-07-01 18:27:28.868  2702-3998  InputManager-JNI        system_server                        W  Input channel object '14de59e com.lucasbeats.federacao/com.lucasbeats.federacao.MainActivity (client)' was disposed without first being removed with the input manager!
2025-07-01 18:27:28.881  2702-2889  UsageStatsService       system_server                        W  Unexpected activity event reported! (com.lucasbeats.federacao/com.lucasbeats.federacao.MainActivity event : 23 instanceId : 239191877)
2025-07-01 18:27:29.569  3926-3926  Launcher.CellLayout     com.mi.android.globallauncher        D  touch item:ShortcutInfo, id=836, itemType=0, user=UserHandle{0}, mIconType=0, pkgName=com.lucasbeats.federacao, className=com.lucasbeats.federacao.MainActivity, screenId=13, container=-100, cellX=3, cellY=2, spanX=1, spanY=1
2025-07-01 18:27:29.617  2702-3998  XSpaceMana...erviceImpl system_server                        W  checkXSpaceControl, from:com.mi.android.globallauncher, to:com.lucasbeats.federacao, with act:android.intent.action.MAIN, callingUserId:0, toUserId:0
2025-07-01 18:27:29.617  2702-3998  ActivityTaskManager     system_server                        I  START u0 {act=android.intent.action.MAIN cat=[android.intent.category.LAUNCHER] flg=0x10200000 cmp=com.lucasbeats.federacao/.MainActivity bnds=[750,911][937,1098] (has extras)} from uid 10153 from pid 3926 callingPackage com.mi.android.globallauncher
2025-07-01 18:27:29.619  1345-1345  vendor.qti...al-service ven...qti.hardware.perf-hal-service  E  ExtendedPerfBoost: extended_perfboost_verification() 738: Ok, set boost params. hintid=4225 hinttype=1 prio=3, clientpid=2702 packagename=com.lucasbeats.federacao params=boost:1 cpu0:1958400 cpu4:2400000 cpumask:ff
2025-07-01 18:27:29.620  2702-3998  MiGgameTyp...cationImpl system_server                        D  checkIfGameBeSupported app:com.lucasbeats.federacao
2025-07-01 18:27:29.620  2702-3998  WindowManager           system_server                        I  When perf version exceed 2.3, MiGTStub result: false, gameType: 1, packageName: com.lucasbeats.federacao
2025-07-01 18:27:29.620  2702-3998  MiGgameTyp...cationImpl system_server                        D  checkIfGameBeSupported app:com.lucasbeats.federacao
2025-07-01 18:27:29.646  2702-3244  CoreBackPreview         system_server                        D  Window{f6d9b1e u0 Splash Screen com.lucasbeats.federacao}: Setting back callback OnBackInvokedCallbackInfo{mCallback=android.window.IOnBackInvokedCallback$Stub$Proxy@b12dc15, mPriority=0}
2025-07-01 18:27:29.661  2702-2894  Boost                   system_server                        D  hostingType=next-top-activity, hostingName={com.lucasbeats.federacao/com.lucasbeats.federacao.MainActivity}, callerPackage=com.mi.android.globallauncher, isSystem=true, isBoostNeeded=false.
2025-07-01 18:27:29.665 19120-19120 Zygote                  usap64                               E  process_name_ptr:19120 com.lucasbeats.federacao
2025-07-01 18:27:29.667  2702-2894  ActivityManager         system_server                        I  Start proc 19120:com.lucasbeats.federacao/u0a373 for next-top-activity {com.lucasbeats.federacao/com.lucasbeats.federacao.MainActivity} caller=com.mi.android.globallauncher
2025-07-01 18:27:29.674  2702-2868  SmartPower...o/10373(0) system_server                        I  died->visible(1114ms) R(become visible) adj=-10000.
2025-07-01 18:27:29.679  2702-2868  WindowManager           system_server                        I  wms.showSurfaceRobustly mWin:Window{f6d9b1e u0 Splash Screen com.lucasbeats.federacao}
2025-07-01 18:27:29.687  3926-4768  RecentsModel            com.mi.android.globallauncher        W  getRunningTask   taskInfo=TaskInfo{userId=0 taskId=503 displayId=0 isRunning=true baseIntent=Intent { act=android.intent.action.MAIN cat=[android.intent.category.LAUNCHER] flg=0x10200000 cmp=com.lucasbeats.federacao/.MainActivity } baseActivity=ComponentInfo{com.lucasbeats.federacao/com.lucasbeats.federacao.MainActivity} topActivity=ComponentInfo{com.lucasbeats.federacao/com.lucasbeats.federacao.MainActivity} origActivity=null realActivity=ComponentInfo{com.lucasbeats.federacao/com.lucasbeats.federacao.MainActivity} numActivities=1 lastActiveTime=4953602 supportsSplitScreenMultiWindow=true supportsMultiWindow=true resizeMode=1 isResizeable=true minWidth=-1 minHeight=-1 defaultMinSize=200 token=WCT{android.window.IWindowContainerToken$Stub$Proxy@e36c2d8} topActivityType=1 pictureInPictureParams=null shouldDockBigOverlays=false launchIntoPipHostTaskId=0 displayCutoutSafeInsets=Rect(0, 104 - 0, 0) topActivityInfo=ActivityInfo{7bef631 com.lucasbeats.federacao.MainActivity} launchCookies=[] positionInParent=Point(0, 0) parentTaskId=-1 isFocused=false isVisible=true isSleeping=false topActivityInSizeCompat=false topActivityInMiuiSizeCompat=false topActivityEligibleForLetterboxEducation= false locusId=null displayAreaFeatureId=1 cameraCompatControlState=hidden mIsCastMode=false}
2025-07-01 18:27:29.687  3926-4768  RecentsModel            com.mi.android.globallauncher        W  getTaskInfoIgnoreHomeAndFreeform   taskInfo=ComponentInfo{com.lucasbeats.federacao/com.lucasbeats.federacao.MainActivity}
2025-07-01 18:27:29.693  3926-4768  ActivityManagerWrapper  com.mi.android.globallauncher        E  getRecentTasks: mainTaskId=503   userId=0   baseIntent=Intent { act=android.intent.action.MAIN flag=270532608 cmp=ComponentInfo{com.lucasbeats.federacao/com.lucasbeats.federacao.MainActivity} }
2025-07-01 18:27:29.699  3926-4768  RecentsModel            com.mi.android.globallauncher        W  getRunningTask   taskInfo=TaskInfo{userId=0 taskId=503 displayId=0 isRunning=true baseIntent=Intent { act=android.intent.action.MAIN cat=[android.intent.category.LAUNCHER] flg=0x10200000 cmp=com.lucasbeats.federacao/.MainActivity } baseActivity=ComponentInfo{com.lucasbeats.federacao/com.lucasbeats.federacao.MainActivity} topActivity=ComponentInfo{com.lucasbeats.federacao/com.lucasbeats.federacao.MainActivity} origActivity=null realActivity=ComponentInfo{com.lucasbeats.federacao/com.lucasbeats.federacao.MainActivity} numActivities=1 lastActiveTime=4953616 supportsSplitScreenMultiWindow=true supportsMultiWindow=true resizeMode=1 isResizeable=true minWidth=-1 minHeight=-1 defaultMinSize=200 token=WCT{android.window.IWindowContainerToken$Stub$Proxy@637f116} topActivityType=1 pictureInPictureParams=null shouldDockBigOverlays=false launchIntoPipHostTaskId=0 displayCutoutSafeInsets=Rect(0, 104 - 0, 0) topActivityInfo=ActivityInfo{e4a8a97 com.lucasbeats.federacao.MainActivity} launchCookies=[] positionInParent=Point(0, 0) parentTaskId=-1 isFocused=false isVisible=true isSleeping=false topActivityInSizeCompat=false topActivityInMiuiSizeCompat=false topActivityEligibleForLetterboxEducation= false locusId=null displayAreaFeatureId=1 cameraCompatControlState=hidden mIsCastMode=false}
2025-07-01 18:27:29.699  3926-4768  RecentsModel            com.mi.android.globallauncher        W  getTaskInfoIgnoreHomeAndFreeform   taskInfo=ComponentInfo{com.lucasbeats.federacao/com.lucasbeats.federacao.MainActivity}
2025-07-01 18:27:29.700  7225-20762 SQLiteLog               com.qualcomm.qti.workloadclassifier  W  (28) double-quoted string literal: "com.lucasbeats.federacao"
2025-07-01 18:27:29.702  3926-4768  ActivityManagerWrapper  com.mi.android.globallauncher        E  getRecentTasks: mainTaskId=503   userId=0   baseIntent=Intent { act=android.intent.action.MAIN flag=270532608 cmp=ComponentInfo{com.lucasbeats.federacao/com.lucasbeats.federacao.MainActivity} }
2025-07-01 18:27:29.756  3926-4768  RecentsModel            com.mi.android.globallauncher        W  getRunningTask   taskInfo=TaskInfo{userId=0 taskId=503 displayId=0 isRunning=true baseIntent=Intent { act=android.intent.action.MAIN cat=[android.intent.category.LAUNCHER] flg=0x10200000 cmp=com.lucasbeats.federacao/.MainActivity } baseActivity=ComponentInfo{com.lucasbeats.federacao/com.lucasbeats.federacao.MainActivity} topActivity=ComponentInfo{com.lucasbeats.federacao/com.lucasbeats.federacao.MainActivity} origActivity=null realActivity=ComponentInfo{com.lucasbeats.federacao/com.lucasbeats.federacao.MainActivity} numActivities=1 lastActiveTime=4953673 supportsSplitScreenMultiWindow=true supportsMultiWindow=true resizeMode=1 isResizeable=true minWidth=-1 minHeight=-1 defaultMinSize=200 token=WCT{android.window.IWindowContainerToken$Stub$Proxy@95bc46d} topActivityType=1 pictureInPictureParams=null shouldDockBigOverlays=false launchIntoPipHostTaskId=0 displayCutoutSafeInsets=Rect(0, 104 - 0, 0) topActivityInfo=ActivityInfo{b3a08a2 com.lucasbeats.federacao.MainActivity} launchCookies=[] positionInParent=Point(0, 0) parentTaskId=-1 isFocused=true isVisible=true isSleeping=false topActivityInSizeCompat=false topActivityInMiuiSizeCompat=false topActivityEligibleForLetterboxEducation= false locusId=null displayAreaFeatureId=1 cameraCompatControlState=hidden mIsCastMode=false}
2025-07-01 18:27:29.757  3926-4768  RecentsModel            com.mi.android.globallauncher        W  getTaskInfoIgnoreHomeAndFreeform   taskInfo=ComponentInfo{com.lucasbeats.federacao/com.lucasbeats.federacao.MainActivity}
2025-07-01 18:27:29.760  3926-4768  ActivityManagerWrapper  com.mi.android.globallauncher        E  getRecentTasks: mainTaskId=503   userId=0   baseIntent=Intent { act=android.intent.action.MAIN flag=270532608 cmp=ComponentInfo{com.lucasbeats.federacao/com.lucasbeats.federacao.MainActivity} }
2025-07-01 18:27:29.760 26866-26881 ProcessMonitor          com.miui.msa.global                  I  onForegroundInfoChanged: ForegroundInfo{mForegroundPackageName='com.lucasbeats.federacao', mForegroundUid=10373, mForegroundPid=19120, mLastForegroundPackageName='com.mi.android.globallauncher', mLastForegroundUid=10153, mLastForegroundPid=3926, mMultiWindowForegroundPackageName='com.lucasbeats.federacao', mMultiWindowForegroundUid=10373, mFlags=1}
2025-07-01 18:27:29.761  3926-4743  AppObserver             com.mi.android.globallauncher        D  ForegroundInfo{mForegroundPackageName='com.lucasbeats.federacao', mForegroundUid=10373, mForegroundPid=19120, mLastForegroundPackageName='com.mi.android.globallauncher', mLastForegroundUid=10153, mLastForegroundPid=3926, mMultiWindowForegroundPackageName='com.lucasbeats.federacao', mMultiWindowForegroundUid=10373, mFlags=1}
2025-07-01 18:27:29.761  7769-31020 ProcessMonitor          com.miui.securitycenter.remote       I  onForegroundInfoChanged: ForegroundInfo{mForegroundPackageName='com.lucasbeats.federacao', mForegroundUid=10373, mForegroundPid=19120, mLastForegroundPackageName='com.mi.android.globallauncher', mLastForegroundUid=10153, mLastForegroundPid=3926, mMultiWindowForegroundPackageName='com.lucasbeats.federacao', mMultiWindowForegroundUid=10373, mFlags=1}
2025-07-01 18:27:29.761 12864-13455 ProcessMonitor          com.miui.msa.global                  I  onForegroundInfoChanged: ForegroundInfo{mForegroundPackageName='com.lucasbeats.federacao', mForegroundUid=10373, mForegroundPid=19120, mLastForegroundPackageName='com.mi.android.globallauncher', mLastForegroundUid=10153, mLastForegroundPid=3926, mMultiWindowForegroundPackageName='com.lucasbeats.federacao', mMultiWindowForegroundUid=10373, mFlags=1}
2025-07-01 18:27:29.762 21884-27960 ProcessMonitor          com.miui.securitycenter.remote       I  onForegroundInfoChanged: ForegroundInfo{mForegroundPackageName='com.lucasbeats.federacao', mForegroundUid=10373, mForegroundPid=19120, mLastForegroundPackageName='com.mi.android.globallauncher', mLastForegroundUid=10153, mLastForegroundPid=3926, mMultiWindowForegroundPackageName='com.lucasbeats.federacao', mMultiWindowForegroundUid=10373, mFlags=1}
2025-07-01 18:27:29.763  7769-31020 GameBoosterService      com.miui.securitycenter.remote       I  onForegroundInfoChanged: Cur=com.lucasbeats.federacao	 last=com.mi.android.globallauncher
2025-07-01 18:27:29.763 21999-3303  AppObserver             com.mi.android.globallauncher        D  ForegroundInfo{mForegroundPackageName='com.lucasbeats.federacao', mForegroundUid=10373, mForegroundPid=19120, mLastForegroundPackageName='com.mi.android.globallauncher', mLastForegroundUid=10153, mLastForegroundPid=3926, mMultiWindowForegroundPackageName='com.lucasbeats.federacao', mMultiWindowForegroundUid=10373, mFlags=1}
2025-07-01 18:27:29.763 19120-19120 Compatibil...geReporter com.lucasbeats.federacao             D  Compat change id reported: 171979766; UID 10373; state: ENABLED
2025-07-01 18:27:29.765 19120-28660 AppScoutStateMachine    com.lucasbeats.federacao             D  19120-ScoutStateMachinecreated
2025-07-01 18:27:29.766  7769-31020 GameBoosterService      com.miui.securitycenter.remote       D  onGameStatusChange foreground:ForegroundInfo{mForegroundPackageName='com.lucasbeats.federacao', mForegroundUid=10373, mForegroundPid=19120, mLastForegroundPackageName='com.mi.android.globallauncher', mLastForegroundUid=10153, mLastForegroundPid=3926, mMultiWindowForegroundPackageName='com.lucasbeats.federacao', mMultiWindowForegroundUid=10373, mFlags=1}
2025-07-01 18:27:29.767 21999-23658 RecentsModel            com.mi.android.globallauncher        W  getRunningTask   taskInfo=TaskInfo{userId=0 taskId=503 displayId=0 isRunning=true baseIntent=Intent { act=android.intent.action.MAIN cat=[android.intent.category.LAUNCHER] flg=0x10200000 cmp=com.lucasbeats.federacao/.MainActivity } baseActivity=ComponentInfo{com.lucasbeats.federacao/com.lucasbeats.federacao.MainActivity} topActivity=ComponentInfo{com.lucasbeats.federacao/com.lucasbeats.federacao.MainActivity} origActivity=null realActivity=ComponentInfo{com.lucasbeats.federacao/com.lucasbeats.federacao.MainActivity} numActivities=1 lastActiveTime=4953670 supportsSplitScreenMultiWindow=true supportsMultiWindow=true resizeMode=1 isResizeable=true minWidth=-1 minHeight=-1 defaultMinSize=200 token=WCT{android.window.IWindowContainerToken$Stub$Proxy@fdbe182} topActivityType=1 pictureInPictureParams=null shouldDockBigOverlays=false launchIntoPipHostTaskId=0 displayCutoutSafeInsets=Rect(0, 104 - 0, 0) topActivityInfo=ActivityInfo{be0d093 com.lucasbeats.federacao.MainActivity} launchCookies=[] positionInParent=Point(0, 0) parentTaskId=-1 isFocused=true isVisible=true isSleeping=false topActivityInSizeCompat=false topActivityInMiuiSizeCompat=false topActivityEligibleForLetterboxEducation= false locusId=null displayAreaFeatureId=1 cameraCompatControlState=hidden mIsCastMode=false}
2025-07-01 18:27:29.767 21999-23658 RecentsModel            com.mi.android.globallauncher        W  getTaskInfoIgnoreHomeAndFreeform   taskInfo=ComponentInfo{com.lucasbeats.federacao/com.lucasbeats.federacao.MainActivity}
2025-07-01 18:27:29.767  7769-31020 BeautyService           com.miui.securitycenter.remote       I  onForegroundInfoChanged: Cur=com.lucasbeats.federacao	 last=com.mi.android.globallauncher
2025-07-01 18:27:29.768  9959-11571 PerfEngineController    com.miui.powerkeeper                 D  ForegroundInfo{mForegroundPackageName='com.lucasbeats.federacao', mForegroundUid=10373, mForegroundPid=19120, mLastForegroundPackageName='com.mi.android.globallauncher', mLastForegroundUid=10153, mLastForegroundPid=3926, mMultiWindowForegroundPackageName='com.lucasbeats.federacao', mMultiWindowForegroundUid=10373, mFlags=1}
2025-07-01 18:27:29.769  9975-15075 GID                     com.xiaomi.joyose                    I  PKG: com.lucasbeats.federacao IG ? false
2025-07-01 18:27:29.769  9975-15075 GST                     com.xiaomi.joyose                    I  forePkg: com.lucasbeats.federacao, preForePkg: com.mi.android.globallauncher
2025-07-01 18:27:29.775  9975-15075 GID                     com.xiaomi.joyose                    I  PKG: com.lucasbeats.federacao IG ? false
2025-07-01 18:27:29.778  9975-15075 GID                     com.xiaomi.joyose                    I  PKG: com.lucasbeats.federacao IG ? false
2025-07-01 18:27:29.793 19120-19120 ApplicationLoaders      com.lucasbeats.federacao             D  Returning zygote-cached class loader: /system/framework/android.test.base.jar
2025-07-01 18:27:29.797 19120-19120 nativeloader            com.lucasbeats.federacao             D  Configuring clns-4 for other apk /system/framework/android.test.mock.jar. target_sdk_version=35, uses_libraries=ALL, library_path=/data/app/~~PuQjkOC4RMAkz_ANRzJxwQ==/com.lucasbeats.federacao-TPsUG1Y7CcMYTaiG5Po6PA==/lib/arm64:/data/app/~~PuQjkOC4RMAkz_ANRzJxwQ==/com.lucasbeats.federacao-TPsUG1Y7CcMYTaiG5Po6PA==/base.apk!/lib/arm64-v8a, permitted_path=/data:/mnt/expand:/data/user/0/com.lucasbeats.federacao
2025-07-01 18:27:29.797 19120-19120 nativeloader            com.lucasbeats.federacao             D  Extending system_exposed_libraries: libbinauralrenderer_wrapper.qti.so:libhoaeffects.qti.so:libQOC.qti.so:libmisys_jni.xiaomi.so:libupdateprof.qti.so:libthermalclient.qti.so:libQOC.qti.so:libdiag_system.qti.so:libqape.qti.so:liblistenjni.qti.so
2025-07-01 18:27:29.803 19120-19120 nativeloader            com.lucasbeats.federacao             D  Configuring clns-5 for other apk /system/framework/android.test.runner.jar. target_sdk_version=35, uses_libraries=ALL, library_path=/data/app/~~PuQjkOC4RMAkz_ANRzJxwQ==/com.lucasbeats.federacao-TPsUG1Y7CcMYTaiG5Po6PA==/lib/arm64:/data/app/~~PuQjkOC4RMAkz_ANRzJxwQ==/com.lucasbeats.federacao-TPsUG1Y7CcMYTaiG5Po6PA==/base.apk!/lib/arm64-v8a, permitted_path=/data:/mnt/expand:/data/user/0/com.lucasbeats.federacao
2025-07-01 18:27:29.803 19120-19120 nativeloader            com.lucasbeats.federacao             D  Extending system_exposed_libraries: libbinauralrenderer_wrapper.qti.so:libhoaeffects.qti.so:libQOC.qti.so:libmisys_jni.xiaomi.so:libupdateprof.qti.so:libthermalclient.qti.so:libQOC.qti.so:libdiag_system.qti.so:libqape.qti.so:liblistenjni.qti.so
2025-07-01 18:27:29.805 19120-19120 ApplicationLoaders      com.lucasbeats.federacao             D  Returning zygote-cached class loader: /system/framework/android.test.base.jar
2025-07-01 18:27:29.805 19120-19120 ziparchive              com.lucasbeats.federacao             W  Unable to open '/data/app/~~PuQjkOC4RMAkz_ANRzJxwQ==/com.lucasbeats.federacao-TPsUG1Y7CcMYTaiG5Po6PA==/base.dm': No such file or directory
2025-07-01 18:27:29.805 19120-19120 ziparchive              com.lucasbeats.federacao             W  Unable to open '/data/app/~~PuQjkOC4RMAkz_ANRzJxwQ==/com.lucasbeats.federacao-TPsUG1Y7CcMYTaiG5Po6PA==/base.dm': No such file or directory
2025-07-01 18:27:30.304 19120-19120 nativeloader            com.lucasbeats.federacao             D  Configuring clns-6 for other apk /data/app/~~PuQjkOC4RMAkz_ANRzJxwQ==/com.lucasbeats.federacao-TPsUG1Y7CcMYTaiG5Po6PA==/base.apk. target_sdk_version=35, uses_libraries=, library_path=/data/app/~~PuQjkOC4RMAkz_ANRzJxwQ==/com.lucasbeats.federacao-TPsUG1Y7CcMYTaiG5Po6PA==/lib/arm64:/data/app/~~PuQjkOC4RMAkz_ANRzJxwQ==/com.lucasbeats.federacao-TPsUG1Y7CcMYTaiG5Po6PA==/base.apk!/lib/arm64-v8a, permitted_path=/data:/mnt/expand:/data/user/0/com.lucasbeats.federacao
2025-07-01 18:27:30.311 19120-19120 nativeloader            com.lucasbeats.federacao             D  Load libframework-connectivity-jni.so using APEX ns com_android_tethering for caller /apex/com.android.tethering/javalib/framework-connectivity.jar: ok
2025-07-01 18:27:30.313 19120-19120 Perf                    com.lucasbeats.federacao             I  Connecting to perf service.
2025-07-01 18:27:30.318 19120-19120 GraphicsEnvironment     com.lucasbeats.federacao             V  ANGLE Developer option for 'com.lucasbeats.federacao' set to: 'default'
2025-07-01 18:27:30.318 19120-19120 GraphicsEnvironment     com.lucasbeats.federacao             V  ANGLE GameManagerService for com.lucasbeats.federacao: false
2025-07-01 18:27:30.319 19120-19120 GraphicsEnvironment     com.lucasbeats.federacao             V  App is not on the allowlist for updatable production driver.
2025-07-01 18:27:30.323 19120-19120 ForceDarkHelperStubImpl com.lucasbeats.federacao             I  initialize for com.lucasbeats.federacao , ForceDarkOrigin
2025-07-01 18:27:30.324 19120-19120 nativeloader            com.lucasbeats.federacao             D  Load libforcedarkimpl.so using system ns (caller=/system_ext/framework/miui-framework.jar): ok
2025-07-01 18:27:30.324 19120-19120 beats.federacao         com.lucasbeats.federacao             D  JNI_OnLoad success
2025-07-01 18:27:30.324 19120-19120 MiuiForceDarkConfig     com.lucasbeats.federacao             I  setConfig density:3.000000, mainRule:0, secondaryRule:0, tertiaryRule:0
2025-07-01 18:27:30.326 19120-19120 NetworkSecurityConfig   com.lucasbeats.federacao             D  No Network Security Config specified, using platform default
2025-07-01 18:27:30.326 19120-19120 NetworkSecurityConfig   com.lucasbeats.federacao             D  No Network Security Config specified, using platform default
2025-07-01 18:27:30.357 19120-19120 Compatibil...geReporter com.lucasbeats.federacao             D  Compat change id reported: 183155436; UID 10373; state: ENABLED
2025-07-01 18:27:30.381 19120-19120 SessionsDependencies    com.lucasbeats.federacao             D  Dependency to CRASHLYTICS added.
2025-07-01 18:27:30.386 19120-19120 FirebaseApp             com.lucasbeats.federacao             I  Device unlocked: initializing all Firebase APIs for app [DEFAULT]
2025-07-01 18:27:30.395 19120-19120 FirebaseCrashlytics     com.lucasbeats.federacao             I  Initializing Firebase Crashlytics 19.4.2 for com.lucasbeats.federacao
2025-07-01 18:27:30.410 19120-19120 SessionsDependencies    com.lucasbeats.federacao             D  Subscriber CRASHLYTICS registered.
2025-07-01 18:27:30.527 19120-19120 FirebaseSessions        com.lucasbeats.federacao             D  Initializing Firebase Sessions SDK.
2025-07-01 18:27:30.532 19120-19120 FirebaseInitProvider    com.lucasbeats.federacao             I  FirebaseApp initialization successful
2025-07-01 18:27:30.533 19120-19120 FLTFireContextHolder    com.lucasbeats.federacao             D  received application context.
2025-07-01 18:27:30.538 19120-19120 org.jitsi....nitializer com.lucasbeats.federacao             D  create
2025-07-01 18:27:30.541 19120-19120 SoLoader                com.lucasbeats.federacao             W  Initializing SoLoader: 0
2025-07-01 18:27:30.541 19120-19120 SoLoader                com.lucasbeats.federacao             W  SoLoader initialized: 0
2025-07-01 18:27:30.559 19120-28674 FirebaseCrashlytics     com.lucasbeats.federacao             I  No version control information found
2025-07-01 18:27:30.564 19120-19120 MiuiMultiWindowAdapter  com.lucasbeats.federacao             D  MiuiMultiWindowAdapter::getFreeformVideoWhiteListInSystem::LIST_ABOUT_SUPPORT_LANDSCAPE_VIDEO = [com.hunantv.imgo.activity, com.tencent.qqlive, com.qiyi.video, com.hunantv.imgo.activity.inter, com.tencent.qqlivei18n, com.iqiyi.i18n, tv.danmaku.bili]
2025-07-01 18:27:30.579 19120-19120 OrientationModule       com.lucasbeats.federacao             D  onActivityCreated
2025-07-01 18:27:30.587 19120-19120 libc                    com.lucasbeats.federacao             W  Access denied finding property "ro.vendor.df.effect.conflict"
2025-07-01 18:27:30.580 19120-19120 beats.federacao         com.lucasbeats.federacao             W  type=1400 audit(0.0:6330): avc: denied { read } for name="u:object_r:vendor_displayfeature_prop:s0" dev="tmpfs" ino=393 scontext=u:r:untrusted_app:s0:c117,c257,c512,c768 tcontext=u:object_r:vendor_displayfeature_prop:s0 tclass=file permissive=0 app=com.lucasbeats.federacao
2025-07-01 18:27:30.594 19120-28676 LifecycleServiceBinder  com.lucasbeats.federacao             D  Binding service to application.
2025-07-01 18:27:30.598 19120-28695 ResourceExtractor       com.lucasbeats.federacao             I  Found extracted resources res_timestamp-4-1751403665268
2025-07-01 18:27:30.602 19120-28694 nativeloader            com.lucasbeats.federacao             D  Load /data/app/~~PuQjkOC4RMAkz_ANRzJxwQ==/com.lucasbeats.federacao-TPsUG1Y7CcMYTaiG5Po6PA==/base.apk!/lib/arm64-v8a/libflutter.so using ns clns-6 from class loader (caller=/data/app/~~PuQjkOC4RMAkz_ANRzJxwQ==/com.lucasbeats.federacao-TPsUG1Y7CcMYTaiG5Po6PA==/base.apk!classes23.dex): ok
2025-07-01 18:27:30.611 19120-19120 vulkan                  com.lucasbeats.federacao             D  searching for layers in '/data/app/~~PuQjkOC4RMAkz_ANRzJxwQ==/com.lucasbeats.federacao-TPsUG1Y7CcMYTaiG5Po6PA==/lib/arm64'
2025-07-01 18:27:30.611 19120-19120 vulkan                  com.lucasbeats.federacao             D  searching for layers in '/data/app/~~PuQjkOC4RMAkz_ANRzJxwQ==/com.lucasbeats.federacao-TPsUG1Y7CcMYTaiG5Po6PA==/base.apk!/lib/arm64-v8a'
2025-07-01 18:27:30.616 19120-19120 vulkan                  com.lucasbeats.federacao             D  added global layer 'VK_LAYER_KHRONOS_validation' from library '/data/app/~~PuQjkOC4RMAkz_ANRzJxwQ==/com.lucasbeats.federacao-TPsUG1Y7CcMYTaiG5Po6PA==/base.apk!/lib/arm64-v8a/libVkLayer_khronos_validation.so'
2025-07-01 18:27:30.625 19120-19120 AdrenoVK-0              com.lucasbeats.federacao             I  ===== BEGIN DUMP OF OVERRIDDEN SETTINGS =====
2025-07-01 18:27:30.625 19120-19120 AdrenoVK-0              com.lucasbeats.federacao             I  ===== END DUMP OF OVERRIDDEN SETTINGS =====
2025-07-01 18:27:30.627 19120-19120 AdrenoVK-0              com.lucasbeats.federacao             I  QUALCOMM build          : 8f5499ec14, Ie6ef1a0a80
                                                                                                    Build Date              : 07/14/23
                                                                                                    Shader Compiler Version : EV031.36.08.24
                                                                                                    Local Branch            : 
                                                                                                    Remote Branch           : refs/tags/AU_LINUX_ANDROID_LA.VENDOR.1.0.11.00.00.766.892
                                                                                                    Remote Branch           : NONE
                                                                                                    Reconstruct Branch      : NOTHING
2025-07-01 18:27:30.627 19120-19120 AdrenoVK-0              com.lucasbeats.federacao             I  Build Config            : S P 12.1.1 AArch64
2025-07-01 18:27:30.627 19120-19120 AdrenoVK-0              com.lucasbeats.federacao             I  Driver Path             : /vendor/lib64/hw/vulkan.adreno.so
2025-07-01 18:27:30.627 19120-19120 AdrenoVK-0              com.lucasbeats.federacao             I  Driver Version          : 0615.73
2025-07-01 18:27:30.627 19120-19120 AdrenoVK-0              com.lucasbeats.federacao             I  PFP                     : 0x01710158
2025-07-01 18:27:30.627 19120-19120 AdrenoVK-0              com.lucasbeats.federacao             I  ME                      : 0x00000000
2025-07-01 18:27:30.627 19120-19120 AdrenoVK-0              com.lucasbeats.federacao             I  Application Name    : Impeller
                                                                                                    Application Version : 0x00800000
                                                                                                    Engine Name         : Impeller
                                                                                                    Engine Version      : 0x00400000
                                                                                                    Api Version         : 0x00401000
2025-07-01 18:27:30.649 19120-19120 beats.federacao         com.lucasbeats.federacao             W  Accessing hidden method Landroid/window/BackEvent;->getTouchX()F (blocked, linking, denied)
2025-07-01 18:27:30.649 19120-19120 beats.federacao         com.lucasbeats.federacao             W  Accessing hidden method Landroid/window/BackEvent;->getTouchY()F (blocked, linking, denied)
2025-07-01 18:27:30.649 19120-19120 beats.federacao         com.lucasbeats.federacao             W  Accessing hidden method Landroid/window/BackEvent;->getProgress()F (blocked, linking, denied)
2025-07-01 18:27:30.649 19120-19120 beats.federacao         com.lucasbeats.federacao             W  Accessing hidden method Landroid/window/BackEvent;->getSwipeEdge()I (blocked, linking, denied)
2025-07-01 18:27:30.649 19120-19120 beats.federacao         com.lucasbeats.federacao             W  Accessing hidden method Landroid/window/BackEvent;->getProgress()F (blocked, linking, denied)
2025-07-01 18:27:30.649 19120-19120 beats.federacao         com.lucasbeats.federacao             W  Accessing hidden method Landroid/window/BackEvent;->getSwipeEdge()I (blocked, linking, denied)
2025-07-01 18:27:30.648 19120-19120 beats.federacao         com.lucasbeats.federacao             W  type=1400 audit(0.0:6331): avc: denied { read } for name="max_map_count" dev="proc" ino=1966515 scontext=u:r:untrusted_app:s0:c117,c257,c512,c768 tcontext=u:object_r:proc_max_map_count:s0 tclass=file permissive=0 app=com.lucasbeats.federacao
2025-07-01 18:27:30.664 19120-19120 AdrenoVK-0              com.lucasbeats.federacao             I  QUALCOMM build          : 8f5499ec14, Ie6ef1a0a80
                                                                                                    Build Date              : 07/14/23
                                                                                                    Shader Compiler Version : EV031.36.08.24
                                                                                                    Local Branch            : 
                                                                                                    Remote Branch           : refs/tags/AU_LINUX_ANDROID_LA.VENDOR.1.0.11.00.00.766.892
                                                                                                    Remote Branch           : NONE
                                                                                                    Reconstruct Branch      : NOTHING
2025-07-01 18:27:30.664 19120-19120 AdrenoVK-0              com.lucasbeats.federacao             I  Build Config            : S P 12.1.1 AArch64
2025-07-01 18:27:30.664 19120-19120 AdrenoVK-0              com.lucasbeats.federacao             I  Driver Path             : /vendor/lib64/hw/vulkan.adreno.so
2025-07-01 18:27:30.664 19120-19120 AdrenoVK-0              com.lucasbeats.federacao             I  Driver Version          : 0615.73
2025-07-01 18:27:30.664 19120-19120 AdrenoVK-0              com.lucasbeats.federacao             I  PFP                     : 0x01710158
2025-07-01 18:27:30.664 19120-19120 AdrenoVK-0              com.lucasbeats.federacao             I  ME                      : 0x00000000
2025-07-01 18:27:30.664 19120-19120 AdrenoVK-0              com.lucasbeats.federacao             I  Application Name    : Impeller
                                                                                                    Application Version : 0x00800000
                                                                                                    Engine Name         : Impeller
                                                                                                    Engine Version      : 0x00400000
                                                                                                    Api Version         : 0x00401000
2025-07-01 18:27:30.668 19120-19120 flutter                 com.lucasbeats.federacao             I  [IMPORTANT:flutter/shell/platform/android/android_context_vk_impeller.cc(61)] Using the Impeller rendering backend (Vulkan).
2025-07-01 18:27:30.800 19120-28716 flutter                 com.lucasbeats.federacao             I  The Dart VM service is listening on http://127.0.0.1:41645/ahcei1CsVQQ=/
2025-07-01 18:27:31.127 19120-19120 FLTFireContextHolder    com.lucasbeats.federacao             D  received application context.
2025-07-01 18:27:31.158 19120-19120 nativeloader            com.lucasbeats.federacao             D  Load /data/app/~~PuQjkOC4RMAkz_ANRzJxwQ==/com.lucasbeats.federacao-TPsUG1Y7CcMYTaiG5Po6PA==/base.apk!/lib/arm64-v8a/libdartjni.so using ns clns-6 from class loader (caller=/data/app/~~PuQjkOC4RMAkz_ANRzJxwQ==/com.lucasbeats.federacao-TPsUG1Y7CcMYTaiG5Po6PA==/base.apk!classes11.dex): ok
2025-07-01 18:27:31.200 19120-19120 beats.federacao         com.lucasbeats.federacao             W  Accessing hidden method Landroid/view/accessibility/AccessibilityNodeInfo;->getSourceNodeId()J (unsupported,test-api, reflection, allowed)
2025-07-01 18:27:31.200 19120-19120 beats.federacao         com.lucasbeats.federacao             W  Accessing hidden method Landroid/view/accessibility/AccessibilityRecord;->getSourceNodeId()J (unsupported, reflection, allowed)
2025-07-01 18:27:31.200 19120-19120 beats.federacao         com.lucasbeats.federacao             W  Accessing hidden field Landroid/view/accessibility/AccessibilityNodeInfo;->mChildNodeIds:Landroid/util/LongArray; (unsupported, reflection, allowed)
2025-07-01 18:27:31.200 19120-19120 beats.federacao         com.lucasbeats.federacao             W  Accessing hidden method Landroid/util/LongArray;->get(I)J (unsupported, reflection, allowed)
2025-07-01 18:27:31.213 19120-19120 IS_CTS_MODE             com.lucasbeats.federacao             D  false
2025-07-01 18:27:31.213 19120-19120 MULTI_WINDOW_ENABLED    com.lucasbeats.federacao             D  false
2025-07-01 18:27:31.216 19120-19120 DecorView[]             com.lucasbeats.federacao             D  getWindowModeFromSystem  windowmode is 1
2025-07-01 18:27:31.221 19120-19120 Activity                com.lucasbeats.federacao             W  PerfMonitor: Slow Operation: Activity com.lucasbeats.federacao/.MainActivity onCreate took 644ms
2025-07-01 18:27:31.223 19120-19120 OrientationModule       com.lucasbeats.federacao             D  onActivityStarted
2025-07-01 18:27:31.225 19120-19120 OrientationModule       com.lucasbeats.federacao             D  onActivityResumed
2025-07-01 18:27:31.226 19120-28675 SessionLifecycleClient  com.lucasbeats.federacao             D  Queued message 1. Queue size 1
2025-07-01 18:27:31.238 19120-19120 DecorView[]             com.lucasbeats.federacao             D  getWindowModeFromSystem  windowmode is 1
2025-07-01 18:27:31.238 19120-19120 DecorView[]             com.lucasbeats.federacao             D  updateDecorCaptionStatus windowMode is 1
2025-07-01 18:27:31.244  2702-5170  CoreBackPreview         system_server                        D  Window{547e6e1 u0 com.lucasbeats.federacao/com.lucasbeats.federacao.MainActivity}: Setting back callback OnBackInvokedCallbackInfo{mCallback=android.window.IOnBackInvokedCallback$Stub$Proxy@b9f22c7, mPriority=0}
2025-07-01 18:27:31.245 19120-19120 Looper                  com.lucasbeats.federacao             W  PerfMonitor looperActivity : package=com.lucasbeats.federacao/.MainActivity time=684ms latency=798ms running=619ms  procState=-1  historyMsgCount=1 (msgIndex=1 wall=798ms seq=3 running=727ms runnable=43ms late=2ms h=android.app.ActivityThread$H w=110)
2025-07-01 18:27:31.245  3926-3926  RecentsImpl             com.mi.android.globallauncher        D  mActivityStateObserver com.lucasbeats.federacao.MainActivity
2025-07-01 18:27:31.245 21999-21999 RecentsImpl             com.mi.android.globallauncher        D  mActivityStateObserver com.lucasbeats.federacao.MainActivity
2025-07-01 18:27:31.245  3926-3926  RecentsImpl             com.mi.android.globallauncher        W  onResumed className=com.lucasbeats.federacao.MainActivity   mIsInAnotherPro=false   isKeyguardLocked=false   mSecuritySpaceGuideShown=false
2025-07-01 18:27:31.246 21999-21999 RecentsImpl             com.mi.android.globallauncher        W  onResumed className=com.lucasbeats.federacao.MainActivity   mIsInAnotherPro=true   isKeyguardLocked=false   mSecuritySpaceGuideShown=false
