2025-07-01 18:27:31.386 19120-19120 Looper                  com.lucasbeats.federacao             W  PerfMonitor looperActivity : package=com.lucasbeats.federacao/.MainActivity time=1ms latency=1622ms running=0ms  procState=-1  historyMsgCount=3 (msgIndex=1 wall=798ms seq=3 running=727ms runnable=43ms late=2ms h=android.app.ActivityThread$H w=110) (msgIndex=2 wall=684ms seq=4 running=619ms runnable=10ms late=798ms h=android.app.ActivityThread$H w=159)
2025-07-01 18:27:31.389 19120-19120 FramePredict            com.lucasbeats.federacao             D  FramePredict init: false
2025-07-01 18:27:31.389 19120-19120 Choreographer           com.lucasbeats.federacao             I  Skipped 100 frames!  The application may be doing too much work on its main thread.
2025-07-01 18:27:31.425 19120-28654 beats.federacao         com.lucasbeats.federacao             I  Compiler allocated 4947KB to compile void android.view.ViewRootImpl.performTraversals()
2025-07-01 18:27:31.483  2702-5170  WindowManager           system_server                        D  wms.Input focus has changed to Window{547e6e1 u0 com.lucasbeats.federacao/com.lucasbeats.federacao.MainActivity} display=0 updateInputWindows = true
2025-07-01 18:27:31.484  2702-2868  WindowManager           system_server                        D  wms.Update InputWindowHandle: 547e6e1 com.lucasbeats.federacao/com.lucasbeats.federacao.MainActivity, frame=[0,0,0,0], touchableRegion=SkRegion((0,0,1220,2712)), scaleFactor=1.0, transform=null, windowToken=android.os.BinderProxy@95f4848, isClone=false, visibal=true, focusable=true, changed=true
2025-07-01 18:27:31.490 19120-28691 AdrenoGLES-0            com.lucasbeats.federacao             I  QUALCOMM build                   : 8f5499ec14, Ie6ef1a0a80
                                                                                                    Build Date                       : 07/14/23
                                                                                                    OpenGL ES Shader Compiler Version: EV031.36.08.24
                                                                                                    Local Branch                     : 
                                                                                                    Remote Branch                    : refs/tags/AU_LINUX_ANDROID_LA.VENDOR.1.0.11.00.00.766.892
                                                                                                    Remote Branch                    : NONE
                                                                                                    Reconstruct Branch               : NOTHING
2025-07-01 18:27:31.490 19120-28691 AdrenoGLES-0            com.lucasbeats.federacao             I  Build Config                     : S P 12.1.1 AArch64
2025-07-01 18:27:31.491 19120-28691 AdrenoGLES-0            com.lucasbeats.federacao             I  Driver Path                      : /vendor/lib64/egl/libGLESv2_adreno.so
2025-07-01 18:27:31.491 19120-28691 AdrenoGLES-0            com.lucasbeats.federacao             I  Driver Version                   : 0615.73
2025-07-01 18:27:31.494 19120-28691 AdrenoGLES-0            com.lucasbeats.federacao             I  PFP: 0x01710158, ME: 0x00000000
2025-07-01 18:27:31.495  1480-1666  SurfaceFlinger          surfaceflinger                       I  sf.setTransactionState focusRequest transactionId:11605001657192 frontWin:547e6e1 com.lucasbeats.federacao/com.lucasbeats.federacao.MainActivity
2025-07-01 18:27:31.497 19120-19120 VRI[MainActivity]       com.lucasbeats.federacao             D  vri.reportNextDraw android.view.ViewRootImpl.performTraversals:3893 android.view.ViewRootImpl.doTraversal:2625 android.view.ViewRootImpl$TraversalRunnable.run:9661 android.view.Choreographer$CallbackRecord.run:1524 android.view.Choreographer$CallbackRecord.run:1532 
2025-07-01 18:27:31.497 19120-19120 SurfaceView             com.lucasbeats.federacao             D  UPDATE null, mIsCastMode = false
2025-07-01 18:27:31.502  1480-2444  SurfaceFlinger          surfaceflinger                       D  updateInputFlinger::setFocusedWindow: windowName=547e6e1 com.lucasbeats.federacao/com.lucasbeats.federacao.MainActivity focusRequests.size=1
2025-07-01 18:27:31.504 19120-28691 libc                    com.lucasbeats.federacao             W  Access denied finding property "vendor.migl.debug"
2025-07-01 18:27:31.507 19120-28691 libEGL                  com.lucasbeats.federacao             E  pre_cache appList: com.sina.weibo,com.ss.android.article.news,com.taobao.taobao,com.smile.gifmaker,com.ss.android.ugc.aweme,com.tencent.mm,tv.danmaku.bili,
2025-07-01 18:27:31.507 19120-28703 qdgralloc               com.lucasbeats.federacao             E  GetSize: Unrecognized pixel format: 0x38
2025-07-01 18:27:31.507 19120-28703 Gralloc4                com.lucasbeats.federacao             E  isSupported(1, 1, 56, 1, ...) failed with 5
2025-07-01 18:27:31.510 19120-28703 GraphicBufferAllocator  com.lucasbeats.federacao             E  Failed to allocate (4 x 4) layerCount 1 format 56 usage b00: 5
2025-07-01 18:27:31.510 19120-28703 AHardwareBuffer         com.lucasbeats.federacao             E  GraphicBuffer(w=4, h=4, lc=1) failed (Unknown error -5), handle=0x0
2025-07-01 18:27:31.510 19120-28703 qdgralloc               com.lucasbeats.federacao             E  GetSize: Unrecognized pixel format: 0x38
2025-07-01 18:27:31.510 19120-28703 Gralloc4                com.lucasbeats.federacao             E  isSupported(1, 1, 56, 1, ...) failed with 5
2025-07-01 18:27:31.511 19120-28703 GraphicBufferAllocator  com.lucasbeats.federacao             E  Failed to allocate (4 x 4) layerCount 1 format 56 usage b00: 5
2025-07-01 18:27:31.511 19120-28703 AHardwareBuffer         com.lucasbeats.federacao             E  GraphicBuffer(w=4, h=4, lc=1) failed (Unknown error -5), handle=0x0
2025-07-01 18:27:31.512 19120-28703 qdgralloc               com.lucasbeats.federacao             W  getInterlacedFlag: getMetaData returned -22, defaulting to interlaced_flag = 0
2025-07-01 18:27:31.513 19120-28703 qdgralloc               com.lucasbeats.federacao             W  getInterlacedFlag: getMetaData returned -22, defaulting to interlaced_flag = 0
2025-07-01 18:27:31.515 19120-28703 qdgralloc               com.lucasbeats.federacao             W  getInterlacedFlag: getMetaData returned -22, defaulting to interlaced_flag = 0
2025-07-01 18:27:31.517 19120-28703 qdgralloc               com.lucasbeats.federacao             W  getInterlacedFlag: getMetaData returned -22, defaulting to interlaced_flag = 0
2025-07-01 18:27:31.519 19120-28703 qdgralloc               com.lucasbeats.federacao             W  getInterlacedFlag: getMetaData returned -22, defaulting to interlaced_flag = 0
2025-07-01 18:27:31.521 19120-19120 Looper                  com.lucasbeats.federacao             W  PerfMonitor doFrame : time=132ms vsyncFrame=0 latency=835ms procState=-1 historyMsgCount=7 (msgIndex=1 wall=798ms seq=3 running=727ms runnable=43ms late=2ms h=android.app.ActivityThread$H w=110) (msgIndex=2 wall=684ms seq=4 running=619ms runnable=10ms late=798ms h=android.app.ActivityThread$H w=159)
2025-07-01 18:27:31.523 19120-19120 SessionLifecycleService com.lucasbeats.federacao             D  Service bound to new client on process 19120
2025-07-01 18:27:31.528 19120-28722 SessionLifecycleService com.lucasbeats.federacao             D  App has not yet foregrounded. Using previously stored session.
2025-07-01 18:27:31.529 19120-28722 SessionLifecycleService com.lucasbeats.federacao             D  Client android.os.Messenger@88d3884 bound at 4836334. Clients: 1
2025-07-01 18:27:31.540 19120-19120 FlutterWebRTCPlugin     com.lucasbeats.federacao             W  audioFocusChangeListener [Earpiece(name=Earpiece)] Earpiece(name=Earpiece)
2025-07-01 18:27:31.541 19120-19120 FlutterWebRTCPlugin     com.lucasbeats.federacao             W  audioFocusChangeListener [Speakerphone(name=Speakerphone), Earpiece(name=Earpiece)] Speakerphone(name=Speakerphone)
2025-07-01 18:27:31.542 19120-19120 SurfaceView             com.lucasbeats.federacao             D  UPDATE Surface(name=SurfaceView[com.lucasbeats.federacao/com.lucasbeats.federacao.MainActivity])/@0x1be4825, mIsProjectionMode = false
2025-07-01 18:27:31.542 19120-19120 SurfaceControl          com.lucasbeats.federacao             D  nativeSetScreenProjection ===> setScreenProjection
2025-07-01 18:27:31.542 19120-19120 SurfaceControl          com.lucasbeats.federacao             D  nativeSetScreenProjection ===> setScreenProjection
2025-07-01 18:27:31.543 19120-19120 SurfaceControl          com.lucasbeats.federacao             D  nativeSetScreenProjection ===> setScreenProjection
2025-07-01 18:27:31.544 19120-19120 SessionLifecycleClient  com.lucasbeats.federacao             D  Connected to SessionLifecycleService. Queue size 1
2025-07-01 18:27:31.545 19120-28675 SessionLifecycleClient  com.lucasbeats.federacao             D  Sending lifecycle 1 to service
2025-07-01 18:27:31.545 19120-28722 SessionLifecycleService com.lucasbeats.federacao             D  Activity foregrounding at 4836356.
2025-07-01 18:27:31.545 19120-28722 SessionLifecycleService com.lucasbeats.federacao             D  Cold start detected.
2025-07-01 18:27:31.546 19120-28722 SessionLifecycleService com.lucasbeats.federacao             D  Generated new session.
2025-07-01 18:27:31.546 19120-28722 SessionLifecycleService com.lucasbeats.federacao             D  Broadcasting new session
2025-07-01 18:27:31.550 19120-28673 SessionFirelogPublisher com.lucasbeats.federacao             D  Data Collection is enabled for at least one Subscriber
2025-07-01 18:27:31.557 19120-19120 SessionLifecycleClient  com.lucasbeats.federacao             D  Session update received.
2025-07-01 18:27:31.558 19120-28675 SessionLifecycleClient  com.lucasbeats.federacao             D  Notified CRASHLYTICS of new session e19652a6be6b4022911c412387e66e65
2025-07-01 18:27:31.565 19120-28674 EventGDTLogger          com.lucasbeats.federacao             D  Session Event Type: SESSION_START
2025-07-01 18:27:31.566 19120-28674 SessionFirelogPublisher com.lucasbeats.federacao             D  Successfully logged Session Start event.
2025-07-01 18:27:31.613 19120-28673 com.google...ckProvider com.lucasbeats.federacao             D  Enter this debug secret into the allow list in the Firebase Console for your project: c566efbd-b337-4a7e-a6a3-00f387ee7ecb
2025-07-01 18:27:31.645 19120-19120 flutter                 com.lucasbeats.federacao             E  [ERROR:flutter/runtime/dart_vm_initializer.cc(40)] Unhandled Exception: Instance of 'FileNotFoundError'
                                                                                                    #0      DotEnv._getEntriesFromFile (package:flutter_dotenv/src/dotenv.dart:172:7)
                                                                                                    <asynchronous suspension>
                                                                                                    #1      DotEnv.load (package:flutter_dotenv/src/dotenv.dart:124:23)
                                                                                                    <asynchronous suspension>
                                                                                                    #2      main (package:lucasbeatsfederacao/main.dart:60:3)
                                                                                                    <asynchronous suspension>
2025-07-01 18:27:36.529 19120-28734 ProfileInstaller        com.lucasbeats.federacao             D  Installing profile for com.lucasbeats.federacao
2025-07-01 18:27:40.252 19120-19120 FinalizerDaemon         com.lucasbeats.federacao             W  type=1400 audit(0.0:6337): avc: denied { getopt } for path="/dev/socket/usap_pool_primary" scontext=u:r:untrusted_app:s0:c117,c257,c512,c768 tcontext=u:r:zygote:s0 tclass=unix_stream_socket permissive=0 app=com.lucasbeats.federacao
2025-07-01 18:27:50.170  2702-3287  InputDispatcher         system_server                        W  Not sending touch gesture to 859a034 ActivityRecordInputSink com.lucasbeats.federacao/.MainActivity because it is not responsive
2025-07-01 18:27:52.407 19120-28672 TRuntime.C...ortBackend com.lucasbeats.federacao             I  Making request to: https://firebaselogging-pa.googleapis.com/v1/firelog/legacy/batchlog
2025-07-01 18:27:54.740 19120-28672 TRuntime.C...ortBackend com.lucasbeats.federacao             I  Status Code: 200
