2025-07-01 18:23:56.395  3926-3926  TaskView                com.mi.android.globallauncher        D  TaskView bind task, task=[TaskKey{id=498, stackId=0, baseIntent=Intent { act=android.intent.action.MAIN cat=[android.intent.category.LAUNCHER] flg=0x10200000 cmp=com.lucasbeats.federacao/.MainActivity }, userId=0, lastActiveTime=3538993, windowingMode=1, isThumbnailBlur=false, isScreening=false, topActivity=ComponentInfo{com.lucasbeats.federacao/com.lucasbeats.federacao.MainActivity}, mHashCode=15759470}, title=lucasbeatsfederacao, titleDescription=lucasbeatsfederacao, bounds=null, isLaunchTarget=false, isStackTask=true, isSystemApp=false, isDockable=true, baseActivity=ComponentInfo{com.lucasbeats.federacao/com.lucasbeats.federacao.MainActivity}, isLocked=false, isAccessLocked=false, mNeedHide=false] , isLock=false
2025-07-01 18:23:56.398  3926-3926  TaskViewThumbnail       com.mi.android.globallauncher        D  updateThumbnailScale, t=[TaskKey{id=498, stackId=0, baseIntent=Intent { act=android.intent.action.MAIN cat=[android.intent.category.LAUNCHER] flg=0x10200000 cmp=com.lucasbeats.federacao/.MainActivity }, userId=0, lastActiveTime=3538993, windowingMode=1, isThumbnailBlur=false, isScreening=false, topActivity=ComponentInfo{com.lucasbeats.federacao/com.lucasbeats.federacao.MainActivity}, mHashCode=15759470}, title=lucasbeatsfederacao, titleDescription=lucasbeatsfederacao, bounds=null, isLaunchTarget=false, isStackTask=true, isSystemApp=false, isDockable=true, baseActivity=ComponentInfo{com.lucasbeats.federacao/com.lucasbeats.federacao.MainActivity}, isLocked=false, isAccessLocked=false, mNeedHide=false] , mThumbnailBitmapSizeAfterScaled=(529, 1115)
2025-07-01 18:23:56.401  3926-3926  TaskView                com.mi.android.globallauncher        D  TaskView bind task, task=[TaskKey{id=498, stackId=0, baseIntent=Intent { act=android.intent.action.MAIN cat=[android.intent.category.LAUNCHER] flg=0x10200000 cmp=com.lucasbeats.federacao/.MainActivity }, userId=0, lastActiveTime=3538993, windowingMode=1, isThumbnailBlur=false, isScreening=false, topActivity=ComponentInfo{com.lucasbeats.federacao/com.lucasbeats.federacao.MainActivity}, mHashCode=15759470}, title=lucasbeatsfederacao, titleDescription=lucasbeatsfederacao, bounds=null, isLaunchTarget=false, isStackTask=true, isSystemApp=false, isDockable=true, baseActivity=ComponentInfo{com.lucasbeats.federacao/com.lucasbeats.federacao.MainActivity}, isLocked=false, isAccessLocked=false, mNeedHide=false] , isLock=false
2025-07-01 18:23:56.401  3926-3926  TaskViewThumbnail       com.mi.android.globallauncher        D  updateThumbnailScale, t=[TaskKey{id=498, stackId=0, baseIntent=Intent { act=android.intent.action.MAIN cat=[android.intent.category.LAUNCHER] flg=0x10200000 cmp=com.lucasbeats.federacao/.MainActivity }, userId=0, lastActiveTime=3538993, windowingMode=1, isThumbnailBlur=false, isScreening=false, topActivity=ComponentInfo{com.lucasbeats.federacao/com.lucasbeats.federacao.MainActivity}, mHashCode=15759470}, title=lucasbeatsfederacao, titleDescription=lucasbeatsfederacao, bounds=null, isLaunchTarget=false, isStackTask=true, isSystemApp=false, isDockable=true, baseActivity=ComponentInfo{com.lucasbeats.federacao/com.lucasbeats.federacao.MainActivity}, isLocked=false, isAccessLocked=false, mNeedHide=false] , mThumbnailBitmapSizeAfterScaled=(529, 1115)
2025-07-01 18:23:56.417  3926-3926  TaskView                com.mi.android.globallauncher        D  TaskView bind task, task=[TaskKey{id=498, stackId=0, baseIntent=Intent { act=android.intent.action.MAIN cat=[android.intent.category.LAUNCHER] flg=0x10200000 cmp=com.lucasbeats.federacao/.MainActivity }, userId=0, lastActiveTime=3538993, windowingMode=1, isThumbnailBlur=false, isScreening=false, topActivity=ComponentInfo{com.lucasbeats.federacao/com.lucasbeats.federacao.MainActivity}, mHashCode=15759470}, title=lucasbeatsfederacao, titleDescription=lucasbeatsfederacao, bounds=null, isLaunchTarget=false, isStackTask=true, isSystemApp=false, isDockable=true, baseActivity=ComponentInfo{com.lucasbeats.federacao/com.lucasbeats.federacao.MainActivity}, isLocked=false, isAccessLocked=false, mNeedHide=false] , isLock=false
2025-07-01 18:23:56.417  3926-3926  TaskViewThumbnail       com.mi.android.globallauncher        D  updateThumbnailScale, t=[TaskKey{id=498, stackId=0, baseIntent=Intent { act=android.intent.action.MAIN cat=[android.intent.category.LAUNCHER] flg=0x10200000 cmp=com.lucasbeats.federacao/.MainActivity }, userId=0, lastActiveTime=3538993, windowingMode=1, isThumbnailBlur=false, isScreening=false, topActivity=ComponentInfo{com.lucasbeats.federacao/com.lucasbeats.federacao.MainActivity}, mHashCode=15759470}, title=lucasbeatsfederacao, titleDescription=lucasbeatsfederacao, bounds=null, isLaunchTarget=false, isStackTask=true, isSystemApp=false, isDockable=true, baseActivity=ComponentInfo{com.lucasbeats.federacao/com.lucasbeats.federacao.MainActivity}, isLocked=false, isAccessLocked=false, mNeedHide=false] , mThumbnailBitmapSizeAfterScaled=(529, 1115)
2025-07-01 18:23:56.505  3926-3926  TaskView                com.mi.android.globallauncher        D  TaskView bind task, task=[TaskKey{id=498, stackId=0, baseIntent=Intent { act=android.intent.action.MAIN cat=[android.intent.category.LAUNCHER] flg=0x10200000 cmp=com.lucasbeats.federacao/.MainActivity }, userId=0, lastActiveTime=3538993, windowingMode=1, isThumbnailBlur=false, isScreening=false, topActivity=ComponentInfo{com.lucasbeats.federacao/com.lucasbeats.federacao.MainActivity}, mHashCode=15759470}, title=lucasbeatsfederacao, titleDescription=lucasbeatsfederacao, bounds=null, isLaunchTarget=false, isStackTask=true, isSystemApp=false, isDockable=true, baseActivity=ComponentInfo{com.lucasbeats.federacao/com.lucasbeats.federacao.MainActivity}, isLocked=false, isAccessLocked=false, mNeedHide=false] , isLock=false
2025-07-01 18:23:56.505  3926-3926  TaskViewThumbnail       com.mi.android.globallauncher        D  updateThumbnailScale, t=[TaskKey{id=498, stackId=0, baseIntent=Intent { act=android.intent.action.MAIN cat=[android.intent.category.LAUNCHER] flg=0x10200000 cmp=com.lucasbeats.federacao/.MainActivity }, userId=0, lastActiveTime=3538993, windowingMode=1, isThumbnailBlur=false, isScreening=false, topActivity=ComponentInfo{com.lucasbeats.federacao/com.lucasbeats.federacao.MainActivity}, mHashCode=15759470}, title=lucasbeatsfederacao, titleDescription=lucasbeatsfederacao, bounds=null, isLaunchTarget=false, isStackTask=true, isSystemApp=false, isDockable=true, baseActivity=ComponentInfo{com.lucasbeats.federacao/com.lucasbeats.federacao.MainActivity}, isLocked=false, isAccessLocked=false, mNeedHide=false] , mThumbnailBitmapSizeAfterScaled=(529, 1115)
2025-07-01 18:23:56.700  3926-4768  ActivityManagerWrapper  com.mi.android.globallauncher        E  getRecentTasks: mainTaskId=498   userId=0   baseIntent=Intent { act=android.intent.action.MAIN flag=270532608 cmp=ComponentInfo{com.lucasbeats.federacao/com.lucasbeats.federacao.MainActivity} }
2025-07-01 18:23:56.739  3926-4768  ActivityManagerWrapper  com.mi.android.globallauncher        E  getRecentTasks: mainTaskId=498   userId=0   baseIntent=Intent { act=android.intent.action.MAIN flag=270532608 cmp=ComponentInfo{com.lucasbeats.federacao/com.lucasbeats.federacao.MainActivity} }
2025-07-01 18:23:58.001  2702-4892  PerfStubImpl            system_server                        D  perfWarmLaunchBoost: com.lucasbeats.federacao, -1, 1
2025-07-01 18:23:58.002  1345-1345  vendor.qti...al-service ven...qti.hardware.perf-hal-service  E  ExtendedPerfBoost: extended_perfboost_verification() 738: Ok, set boost params. hintid=4226 hinttype=1 prio=2, clientpid=2702 packagename=com.lucasbeats.federacao params=boost:1 cpu0:1958400 cpu4:2400000 cpumask:ff
2025-07-01 18:23:58.022  2702-3998  PerfStubImpl            system_server                        D  perfWarmLaunchBoost: com.lucasbeats.federacao, -1, 1
2025-07-01 18:23:58.022  1345-1345  vendor.qti...al-service ven...qti.hardware.perf-hal-service  E  ExtendedPerfBoost: extended_perfboost_verification() 738: Ok, set boost params. hintid=4226 hinttype=1 prio=2, clientpid=2702 packagename=com.lucasbeats.federacao params=boost:1 cpu0:1958400 cpu4:2400000 cpumask:ff
2025-07-01 18:23:58.022  2702-3998   MiuiBooster            system_server                        D  bring com.lucasbeats.federacao to RT when hot launching.
2025-07-01 18:23:58.028  2702-2867  OomAdjuster             system_server                        D  App adj change from cached state to fg state : 26055 com.lucasbeats.federacao
2025-07-01 18:23:58.028  2702-3998  SmartPower...373(26055) system_server                        I  idle->invisible(1199841ms) R(become foreground) adj=901.
2025-07-01 18:23:58.035 12864-13455 ProcessMonitor          com.miui.msa.global                  I  onForegroundInfoChanged: ForegroundInfo{mForegroundPackageName='com.lucasbeats.federacao', mForegroundUid=10373, mForegroundPid=26055, mLastForegroundPackageName='com.mi.android.globallauncher', mLastForegroundUid=10153, mLastForegroundPid=3926, mMultiWindowForegroundPackageName='com.lucasbeats.federacao', mMultiWindowForegroundUid=10373, mFlags=0}
2025-07-01 18:23:58.036  3926-4387  AppObserver             com.mi.android.globallauncher        D  ForegroundInfo{mForegroundPackageName='com.lucasbeats.federacao', mForegroundUid=10373, mForegroundPid=26055, mLastForegroundPackageName='com.mi.android.globallauncher', mLastForegroundUid=10153, mLastForegroundPid=3926, mMultiWindowForegroundPackageName='com.lucasbeats.federacao', mMultiWindowForegroundUid=10373, mFlags=0}
2025-07-01 18:23:58.038 21884-2169  ProcessMonitor          com.miui.securitycenter.remote       I  onForegroundInfoChanged: ForegroundInfo{mForegroundPackageName='com.lucasbeats.federacao', mForegroundUid=10373, mForegroundPid=26055, mLastForegroundPackageName='com.mi.android.globallauncher', mLastForegroundUid=10153, mLastForegroundPid=3926, mMultiWindowForegroundPackageName='com.lucasbeats.federacao', mMultiWindowForegroundUid=10373, mFlags=0}
2025-07-01 18:23:58.038 21999-3303  AppObserver             com.mi.android.globallauncher        D  ForegroundInfo{mForegroundPackageName='com.lucasbeats.federacao', mForegroundUid=10373, mForegroundPid=26055, mLastForegroundPackageName='com.mi.android.globallauncher', mLastForegroundUid=10153, mLastForegroundPid=3926, mMultiWindowForegroundPackageName='com.lucasbeats.federacao', mMultiWindowForegroundUid=10373, mFlags=0}
2025-07-01 18:23:58.038  9959-10942 PerfEngineController    com.miui.powerkeeper                 D  ForegroundInfo{mForegroundPackageName='com.lucasbeats.federacao', mForegroundUid=10373, mForegroundPid=26055, mLastForegroundPackageName='com.mi.android.globallauncher', mLastForegroundUid=10153, mLastForegroundPid=3926, mMultiWindowForegroundPackageName='com.lucasbeats.federacao', mMultiWindowForegroundUid=10373, mFlags=0}
2025-07-01 18:23:58.038 26866-26881 ProcessMonitor          com.miui.msa.global                  I  onForegroundInfoChanged: ForegroundInfo{mForegroundPackageName='com.lucasbeats.federacao', mForegroundUid=10373, mForegroundPid=26055, mLastForegroundPackageName='com.mi.android.globallauncher', mLastForegroundUid=10153, mLastForegroundPid=3926, mMultiWindowForegroundPackageName='com.lucasbeats.federacao', mMultiWindowForegroundUid=10373, mFlags=0}
2025-07-01 18:23:58.038  7769-16220 ProcessMonitor          com.miui.securitycenter.remote       I  onForegroundInfoChanged: ForegroundInfo{mForegroundPackageName='com.lucasbeats.federacao', mForegroundUid=10373, mForegroundPid=26055, mLastForegroundPackageName='com.mi.android.globallauncher', mLastForegroundUid=10153, mLastForegroundPid=3926, mMultiWindowForegroundPackageName='com.lucasbeats.federacao', mMultiWindowForegroundUid=10373, mFlags=0}
2025-07-01 18:23:58.039 26055-16865 AppScoutStateMachine    com.lucasbeats.federacao             D  26055-ScoutStateMachinecreated
2025-07-01 18:23:58.040 26055-26055 OrientationModule       com.lucasbeats.federacao             D  onActivityStarted
2025-07-01 18:23:58.045  9975-15075 GID                     com.xiaomi.joyose                    I  PKG: com.lucasbeats.federacao IG ? false
2025-07-01 18:23:58.046  9975-15075 GST                     com.xiaomi.joyose                    I  forePkg: com.lucasbeats.federacao, preForePkg: com.mi.android.globallauncher
2025-07-01 18:23:58.060  9975-15075 GID                     com.xiaomi.joyose                    I  PKG: com.lucasbeats.federacao IG ? false
2025-07-01 18:23:58.062  7769-16220 GameBoosterService      com.miui.securitycenter.remote       I  onForegroundInfoChanged: Cur=com.lucasbeats.federacao	 last=com.mi.android.globallauncher
2025-07-01 18:23:58.063  9975-15075 GID                     com.xiaomi.joyose                    I  PKG: com.lucasbeats.federacao IG ? false
2025-07-01 18:23:58.065  2702-2868  SmartPower...373(26055) system_server                        I  invisible->visible(37ms) R(become visible) adj=0.
2025-07-01 18:23:58.067 26055-26055 OrientationModule       com.lucasbeats.federacao             D  onActivityResumed
2025-07-01 18:23:58.078 26055-16878 SessionLifecycleClient  com.lucasbeats.federacao             D  Sending lifecycle 1 to service
2025-07-01 18:23:58.080 26055-16931 SessionLifecycleService com.lucasbeats.federacao             D  Activity foregrounding at 4622889.
2025-07-01 18:23:58.087  7769-16220 GameBoosterService      com.miui.securitycenter.remote       D  onGameStatusChange foreground:ForegroundInfo{mForegroundPackageName='com.lucasbeats.federacao', mForegroundUid=10373, mForegroundPid=26055, mLastForegroundPackageName='com.mi.android.globallauncher', mLastForegroundUid=10153, mLastForegroundPid=3926, mMultiWindowForegroundPackageName='com.lucasbeats.federacao', mMultiWindowForegroundUid=10373, mFlags=0}
2025-07-01 18:23:58.088  7769-16220 BeautyService           com.miui.securitycenter.remote       I  onForegroundInfoChanged: Cur=com.lucasbeats.federacao	 last=com.mi.android.globallauncher
2025-07-01 18:23:58.121 21999-21999 RecentsImpl             com.mi.android.globallauncher        D  mActivityStateObserver com.lucasbeats.federacao.MainActivity
2025-07-01 18:23:58.122  3926-3926  RecentsImpl             com.mi.android.globallauncher        D  mActivityStateObserver com.lucasbeats.federacao.MainActivity
2025-07-01 18:23:58.122  3926-3926  RecentsImpl             com.mi.android.globallauncher        W  onResumed className=com.lucasbeats.federacao.MainActivity   mIsInAnotherPro=false   isKeyguardLocked=false   mSecuritySpaceGuideShown=false
2025-07-01 18:23:58.123 21999-21999 RecentsImpl             com.mi.android.globallauncher        W  onResumed className=com.lucasbeats.federacao.MainActivity   mIsInAnotherPro=true   isKeyguardLocked=false   mSecuritySpaceGuideShown=false
2025-07-01 18:23:58.151  2702-3998  WindowManager           system_server                        D  wms.Input focus has changed to Window{ffa27d3 u0 com.lucasbeats.federacao/com.lucasbeats.federacao.MainActivity} display=0 updateInputWindows = true
2025-07-01 18:23:58.173 21999-23658 RecentsModel            com.mi.android.globallauncher        W  getRunningTask   taskInfo=TaskInfo{userId=0 taskId=498 displayId=0 isRunning=true baseIntent=Intent { act=android.intent.action.MAIN cat=[android.intent.category.LAUNCHER] flg=0x10200000 cmp=com.lucasbeats.federacao/.MainActivity } baseActivity=ComponentInfo{com.lucasbeats.federacao/com.lucasbeats.federacao.MainActivity} topActivity=ComponentInfo{com.lucasbeats.federacao/com.lucasbeats.federacao.MainActivity} origActivity=null realActivity=ComponentInfo{com.lucasbeats.federacao/com.lucasbeats.federacao.MainActivity} numActivities=1 lastActiveTime=4742087 supportsSplitScreenMultiWindow=true supportsMultiWindow=true resizeMode=1 isResizeable=true minWidth=-1 minHeight=-1 defaultMinSize=200 token=WCT{android.window.IWindowContainerToken$Stub$Proxy@5355b7a} topActivityType=1 pictureInPictureParams=null shouldDockBigOverlays=false launchIntoPipHostTaskId=0 displayCutoutSafeInsets=Rect(0, 104 - 0, 0) topActivityInfo=ActivityInfo{3f34f2b com.lucasbeats.federacao.MainActivity} launchCookies=[] positionInParent=Point(0, 0) parentTaskId=-1 isFocused=true isVisible=true isSleeping=false topActivityInSizeCompat=false topActivityInMiuiSizeCompat=false topActivityEligibleForLetterboxEducation= false locusId=null displayAreaFeatureId=1 cameraCompatControlState=hidden mIsCastMode=false}
2025-07-01 18:23:58.173 21999-23658 RecentsModel            com.mi.android.globallauncher        W  getTaskInfoIgnoreHomeAndFreeform   taskInfo=ComponentInfo{com.lucasbeats.federacao/com.lucasbeats.federacao.MainActivity}
2025-07-01 18:23:58.182 26055-16907 qdgralloc               com.lucasbeats.federacao             E  GetSize: Unrecognized pixel format: 0x38
2025-07-01 18:23:58.182 26055-16907 Gralloc4                com.lucasbeats.federacao             E  isSupported(1, 1, 56, 1, ...) failed with 5
2025-07-01 18:23:58.183 26055-16907 GraphicBufferAllocator  com.lucasbeats.federacao             E  Failed to allocate (4 x 4) layerCount 1 format 56 usage b00: 5
2025-07-01 18:23:58.183 26055-16907 AHardwareBuffer         com.lucasbeats.federacao             E  GraphicBuffer(w=4, h=4, lc=1) failed (Unknown error -5), handle=0x0
2025-07-01 18:23:58.184 26055-16907 qdgralloc               com.lucasbeats.federacao             E  GetSize: Unrecognized pixel format: 0x38
2025-07-01 18:23:58.184 26055-16907 Gralloc4                com.lucasbeats.federacao             E  isSupported(1, 1, 56, 1, ...) failed with 5
2025-07-01 18:23:58.185 26055-16907 GraphicBufferAllocator  com.lucasbeats.federacao             E  Failed to allocate (4 x 4) layerCount 1 format 56 usage b00: 5
2025-07-01 18:23:58.185 26055-16907 AHardwareBuffer         com.lucasbeats.federacao             E  GraphicBuffer(w=4, h=4, lc=1) failed (Unknown error -5), handle=0x0
2025-07-01 18:23:58.189  3926-4768  RecentsModel            com.mi.android.globallauncher        W  getRunningTask   taskInfo=TaskInfo{userId=0 taskId=498 displayId=0 isRunning=true baseIntent=Intent { act=android.intent.action.MAIN cat=[android.intent.category.LAUNCHER] flg=0x10200000 cmp=com.lucasbeats.federacao/.MainActivity } baseActivity=ComponentInfo{com.lucasbeats.federacao/com.lucasbeats.federacao.MainActivity} topActivity=ComponentInfo{com.lucasbeats.federacao/com.lucasbeats.federacao.MainActivity} origActivity=null realActivity=ComponentInfo{com.lucasbeats.federacao/com.lucasbeats.federacao.MainActivity} numActivities=1 lastActiveTime=4742104 supportsSplitScreenMultiWindow=true supportsMultiWindow=true resizeMode=1 isResizeable=true minWidth=-1 minHeight=-1 defaultMinSize=200 token=WCT{android.window.IWindowContainerToken$Stub$Proxy@319971e} topActivityType=1 pictureInPictureParams=null shouldDockBigOverlays=false launchIntoPipHostTaskId=0 displayCutoutSafeInsets=Rect(0, 104 - 0, 0) topActivityInfo=ActivityInfo{d24abff com.lucasbeats.federacao.MainActivity} launchCookies=[] positionInParent=Point(0, 0) parentTaskId=-1 isFocused=true isVisible=true isSleeping=false topActivityInSizeCompat=false topActivityInMiuiSizeCompat=false topActivityEligibleForLetterboxEducation= false locusId=null displayAreaFeatureId=1 cameraCompatControlState=hidden mIsCastMode=false}
2025-07-01 18:23:58.189  3926-4768  RecentsModel            com.mi.android.globallauncher        W  getTaskInfoIgnoreHomeAndFreeform   taskInfo=ComponentInfo{com.lucasbeats.federacao/com.lucasbeats.federacao.MainActivity}
2025-07-01 18:23:58.192  2702-2868  WindowManager           system_server                        D  wms.Update InputWindowHandle: ffa27d3 com.lucasbeats.federacao/com.lucasbeats.federacao.MainActivity, frame=[0,0,0,0], touchableRegion=SkRegion((0,0,1220,2712)), scaleFactor=1.0, transform=null, windowToken=android.os.BinderProxy@e330dc2, isClone=false, visibal=true, focusable=true, changed=true
2025-07-01 18:23:58.198  3926-4768  ActivityManagerWrapper  com.mi.android.globallauncher        E  getRecentTasks: mainTaskId=498   userId=0   baseIntent=Intent { act=android.intent.action.MAIN flag=270532608 cmp=ComponentInfo{com.lucasbeats.federacao/com.lucasbeats.federacao.MainActivity} }
2025-07-01 18:23:58.198  1480-4669  SurfaceFlinger          surfaceflinger                       I  sf.setTransactionState focusRequest transactionId:11605001656346 frontWin:ffa27d3 com.lucasbeats.federacao/com.lucasbeats.federacao.MainActivity
2025-07-01 18:23:58.201  1480-2444  SurfaceFlinger          surfaceflinger                       D  updateInputFlinger::setFocusedWindow: windowName=ffa27d3 com.lucasbeats.federacao/com.lucasbeats.federacao.MainActivity focusRequests.size=1
2025-07-01 18:23:58.209 26055-16907 qdgralloc               com.lucasbeats.federacao             W  getInterlacedFlag: getMetaData returned -22, defaulting to interlaced_flag = 0
2025-07-01 18:23:58.217 26055-16907 qdgralloc               com.lucasbeats.federacao             W  getInterlacedFlag: getMetaData returned -22, defaulting to interlaced_flag = 0
2025-07-01 18:23:58.222 26055-16907 qdgralloc               com.lucasbeats.federacao             W  getInterlacedFlag: getMetaData returned -22, defaulting to interlaced_flag = 0
2025-07-01 18:23:58.224 26055-16907 qdgralloc               com.lucasbeats.federacao             W  getInterlacedFlag: getMetaData returned -22, defaulting to interlaced_flag = 0
2025-07-01 18:23:58.230 26055-16907 qdgralloc               com.lucasbeats.federacao             W  getInterlacedFlag: getMetaData returned -22, defaulting to interlaced_flag = 0
2025-07-01 18:23:58.250  3926-4768  RecentsModel            com.mi.android.globallauncher        W  getRunningTask   taskInfo=TaskInfo{userId=0 taskId=498 displayId=0 isRunning=true baseIntent=Intent { act=android.intent.action.MAIN cat=[android.intent.category.LAUNCHER] flg=0x10200000 cmp=com.lucasbeats.federacao/.MainActivity } baseActivity=ComponentInfo{com.lucasbeats.federacao/com.lucasbeats.federacao.MainActivity} topActivity=ComponentInfo{com.lucasbeats.federacao/com.lucasbeats.federacao.MainActivity} origActivity=null realActivity=ComponentInfo{com.lucasbeats.federacao/com.lucasbeats.federacao.MainActivity} numActivities=1 lastActiveTime=4742168 supportsSplitScreenMultiWindow=true supportsMultiWindow=true resizeMode=1 isResizeable=true minWidth=-1 minHeight=-1 defaultMinSize=200 token=WCT{android.window.IWindowContainerToken$Stub$Proxy@cce1bf7} topActivityType=1 pictureInPictureParams=null shouldDockBigOverlays=false launchIntoPipHostTaskId=0 displayCutoutSafeInsets=Rect(0, 104 - 0, 0) topActivityInfo=ActivityInfo{8515a64 com.lucasbeats.federacao.MainActivity} launchCookies=[] positionInParent=Point(0, 0) parentTaskId=-1 isFocused=true isVisible=true isSleeping=false topActivityInSizeCompat=false topActivityInMiuiSizeCompat=false topActivityEligibleForLetterboxEducation= false locusId=null displayAreaFeatureId=1 cameraCompatControlState=hidden mIsCastMode=false}
2025-07-01 18:23:58.250  3926-4768  RecentsModel            com.mi.android.globallauncher        W  getTaskInfoIgnoreHomeAndFreeform   taskInfo=ComponentInfo{com.lucasbeats.federacao/com.lucasbeats.federacao.MainActivity}
2025-07-01 18:23:58.258  3926-4768  ActivityManagerWrapper  com.mi.android.globallauncher        E  getRecentTasks: mainTaskId=498   userId=0   baseIntent=Intent { act=android.intent.action.MAIN flag=270532608 cmp=ComponentInfo{com.lucasbeats.federacao/com.lucasbeats.federacao.MainActivity} }
2025-07-01 18:23:58.268 26055-26055 VRI[MainActivity]       com.lucasbeats.federacao             D  vri.reportNextDraw android.view.ViewRootImpl.performTraversals:3893 android.view.ViewRootImpl.doTraversal:2625 android.view.ViewRootImpl$TraversalRunnable.run:9661 android.view.Choreographer$CallbackRecord.run:1524 android.view.Choreographer$CallbackRecord.run:1532 
2025-07-01 18:23:58.268 26055-26055 SurfaceView             com.lucasbeats.federacao             D  UPDATE Surface(name=SurfaceView[com.lucasbeats.federacao/com.lucasbeats.federacao.MainActivity])/@0x28be1e8, mIsProjectionMode = false
2025-07-01 18:23:58.269 26055-26055 SurfaceControl          com.lucasbeats.federacao             D  nativeSetScreenProjection ===> setScreenProjection
2025-07-01 18:23:58.270 26055-26055 SurfaceControl          com.lucasbeats.federacao             D  nativeSetScreenProjection ===> setScreenProjection
2025-07-01 18:23:58.270 26055-26055 SurfaceControl          com.lucasbeats.federacao             D  nativeSetScreenProjection ===> setScreenProjection
2025-07-01 18:23:58.649  2702-2868  WindowManager           system_server                        D  wms.Update InputWindowHandle: ffa27d3 com.lucasbeats.federacao/com.lucasbeats.federacao.MainActivity, frame=[0,0,0,0], touchableRegion=SkRegion((0,0,1220,2712)), scaleFactor=1.0, transform=null, windowToken=android.os.BinderProxy@e330dc2, isClone=false, visibal=true, focusable=true, changed=true
2025-07-01 18:24:26.146  3926-4387  RecentsModel            com.mi.android.globallauncher        W  getRunningTask   taskInfo=TaskInfo{userId=0 taskId=498 displayId=0 isRunning=true baseIntent=Intent { act=android.intent.action.MAIN cat=[android.intent.category.LAUNCHER] flg=0x10200000 cmp=com.lucasbeats.federacao/.MainActivity } baseActivity=ComponentInfo{com.lucasbeats.federacao/com.lucasbeats.federacao.MainActivity} topActivity=ComponentInfo{com.lucasbeats.federacao/com.lucasbeats.federacao.MainActivity} origActivity=null realActivity=ComponentInfo{com.lucasbeats.federacao/com.lucasbeats.federacao.MainActivity} numActivities=1 lastActiveTime=4770061 supportsSplitScreenMultiWindow=true supportsMultiWindow=true resizeMode=1 isResizeable=true minWidth=-1 minHeight=-1 defaultMinSize=200 token=WCT{android.window.IWindowContainerToken$Stub$Proxy@213c8db} topActivityType=1 pictureInPictureParams=null shouldDockBigOverlays=false launchIntoPipHostTaskId=0 displayCutoutSafeInsets=Rect(0, 104 - 0, 0) topActivityInfo=ActivityInfo{e016f78 com.lucasbeats.federacao.MainActivity} launchCookies=[] positionInParent=Point(0, 0) parentTaskId=-1 isFocused=true isVisible=true isSleeping=false topActivityInSizeCompat=false topActivityInMiuiSizeCompat=false topActivityEligibleForLetterboxEducation= false locusId=null displayAreaFeatureId=1 cameraCompatControlState=hidden mIsCastMode=false}
2025-07-01 18:24:26.146  3926-4387  RecentsModel            com.mi.android.globallauncher        W  getTaskInfoIgnoreHomeAndFreeform   taskInfo=ComponentInfo{com.lucasbeats.federacao/com.lucasbeats.federacao.MainActivity}
2025-07-01 18:24:26.158  3926-3926  TaskView                com.mi.android.globallauncher        D  TaskView bind task, task=[TaskKey{id=498, stackId=0, baseIntent=Intent { act=android.intent.action.MAIN cat=[android.intent.category.LAUNCHER] flg=0x10200000 cmp=com.lucasbeats.federacao/.MainActivity }, userId=0, lastActiveTime=4741938, windowingMode=1, isThumbnailBlur=false, isScreening=false, topActivity=ComponentInfo{com.lucasbeats.federacao/com.lucasbeats.federacao.MainActivity}, mHashCode=15759470}, title=lucasbeatsfederacao, titleDescription=lucasbeatsfederacao, bounds=null, isLaunchTarget=true, isStackTask=true, isSystemApp=false, isDockable=true, baseActivity=ComponentInfo{com.lucasbeats.federacao/com.lucasbeats.federacao.MainActivity}, isLocked=false, isAccessLocked=false, mNeedHide=false] , isLock=false
2025-07-01 18:24:26.158  3926-3926  TaskViewThumbnail       com.mi.android.globallauncher        D  updateThumbnailScale, t=[TaskKey{id=498, stackId=0, baseIntent=Intent { act=android.intent.action.MAIN cat=[android.intent.category.LAUNCHER] flg=0x10200000 cmp=com.lucasbeats.federacao/.MainActivity }, userId=0, lastActiveTime=4741938, windowingMode=1, isThumbnailBlur=false, isScreening=false, topActivity=ComponentInfo{com.lucasbeats.federacao/com.lucasbeats.federacao.MainActivity}, mHashCode=15759470}, title=lucasbeatsfederacao, titleDescription=lucasbeatsfederacao, bounds=null, isLaunchTarget=true, isStackTask=true, isSystemApp=false, isDockable=true, baseActivity=ComponentInfo{com.lucasbeats.federacao/com.lucasbeats.federacao.MainActivity}, isLocked=false, isAccessLocked=false, mNeedHide=false] , mThumbnailBitmapSizeAfterScaled=(529, 1115)
2025-07-01 18:24:26.158  3926-3926  TaskView                com.mi.android.globallauncher        D  TaskView bind task, task=[TaskKey{id=498, stackId=0, baseIntent=Intent { act=android.intent.action.MAIN cat=[android.intent.category.LAUNCHER] flg=0x10200000 cmp=com.lucasbeats.federacao/.MainActivity }, userId=0, lastActiveTime=4741938, windowingMode=1, isThumbnailBlur=false, isScreening=false, topActivity=ComponentInfo{com.lucasbeats.federacao/com.lucasbeats.federacao.MainActivity}, mHashCode=15759470}, title=lucasbeatsfederacao, titleDescription=lucasbeatsfederacao, bounds=null, isLaunchTarget=true, isStackTask=true, isSystemApp=false, isDockable=true, baseActivity=ComponentInfo{com.lucasbeats.federacao/com.lucasbeats.federacao.MainActivity}, isLocked=false, isAccessLocked=false, mNeedHide=false] , isLock=false
2025-07-01 18:24:26.158  3926-3926  TaskViewThumbnail       com.mi.android.globallauncher        D  updateThumbnailScale, t=[TaskKey{id=498, stackId=0, baseIntent=Intent { act=android.intent.action.MAIN cat=[android.intent.category.LAUNCHER] flg=0x10200000 cmp=com.lucasbeats.federacao/.MainActivity }, userId=0, lastActiveTime=4741938, windowingMode=1, isThumbnailBlur=false, isScreening=false, topActivity=ComponentInfo{com.lucasbeats.federacao/com.lucasbeats.federacao.MainActivity}, mHashCode=15759470}, title=lucasbeatsfederacao, titleDescription=lucasbeatsfederacao, bounds=null, isLaunchTarget=true, isStackTask=true, isSystemApp=false, isDockable=true, baseActivity=ComponentInfo{com.lucasbeats.federacao/com.lucasbeats.federacao.MainActivity}, isLocked=false, isAccessLocked=false, mNeedHide=false] , mThumbnailBitmapSizeAfterScaled=(529, 1115)
2025-07-01 18:24:26.160  3926-3926  TaskView                com.mi.android.globallauncher        D  TaskView bind task, task=[TaskKey{id=498, stackId=0, baseIntent=Intent { act=android.intent.action.MAIN cat=[android.intent.category.LAUNCHER] flg=0x10200000 cmp=com.lucasbeats.federacao/.MainActivity }, userId=0, lastActiveTime=4741938, windowingMode=1, isThumbnailBlur=false, isScreening=false, topActivity=ComponentInfo{com.lucasbeats.federacao/com.lucasbeats.federacao.MainActivity}, mHashCode=15759470}, title=lucasbeatsfederacao, titleDescription=lucasbeatsfederacao, bounds=null, isLaunchTarget=true, isStackTask=true, isSystemApp=false, isDockable=true, baseActivity=ComponentInfo{com.lucasbeats.federacao/com.lucasbeats.federacao.MainActivity}, isLocked=false, isAccessLocked=false, mNeedHide=false] , isLock=false
2025-07-01 18:24:26.160  3926-3926  TaskViewThumbnail       com.mi.android.globallauncher        D  updateThumbnailScale, t=[TaskKey{id=498, stackId=0, baseIntent=Intent { act=android.intent.action.MAIN cat=[android.intent.category.LAUNCHER] flg=0x10200000 cmp=com.lucasbeats.federacao/.MainActivity }, userId=0, lastActiveTime=4741938, windowingMode=1, isThumbnailBlur=false, isScreening=false, topActivity=ComponentInfo{com.lucasbeats.federacao/com.lucasbeats.federacao.MainActivity}, mHashCode=15759470}, title=lucasbeatsfederacao, titleDescription=lucasbeatsfederacao, bounds=null, isLaunchTarget=true, isStackTask=true, isSystemApp=false, isDockable=true, baseActivity=ComponentInfo{com.lucasbeats.federacao/com.lucasbeats.federacao.MainActivity}, isLocked=false, isAccessLocked=false, mNeedHide=false] , mThumbnailBitmapSizeAfterScaled=(529, 1115)
2025-07-01 18:24:26.187 26055-26055 OrientationModule       com.lucasbeats.federacao             D  onActivityPaused
2025-07-01 18:24:26.188 26055-16879 SessionLifecycleClient  com.lucasbeats.federacao             D  Sending lifecycle 2 to service
2025-07-01 18:24:26.189 26055-16931 SessionLifecycleService com.lucasbeats.federacao             D  Activity backgrounding at 4651000
2025-07-01 18:24:26.195  3926-8996  AppObserver             com.mi.android.globallauncher        D  ForegroundInfo{mForegroundPackageName='com.mi.android.globallauncher', mForegroundUid=10153, mForegroundPid=3926, mLastForegroundPackageName='com.lucasbeats.federacao', mLastForegroundUid=10373, mLastForegroundPid=26055, mMultiWindowForegroundPackageName='com.mi.android.globallauncher', mMultiWindowForegroundUid=10153, mFlags=0}
2025-07-01 18:24:26.195 12864-13455 ProcessMonitor          com.miui.msa.global                  I  onForegroundInfoChanged: ForegroundInfo{mForegroundPackageName='com.mi.android.globallauncher', mForegroundUid=10153, mForegroundPid=3926, mLastForegroundPackageName='com.lucasbeats.federacao', mLastForegroundUid=10373, mLastForegroundPid=26055, mMultiWindowForegroundPackageName='com.mi.android.globallauncher', mMultiWindowForegroundUid=10153, mFlags=0}
2025-07-01 18:24:26.195  7769-16220 ProcessMonitor          com.miui.securitycenter.remote       I  onForegroundInfoChanged: ForegroundInfo{mForegroundPackageName='com.mi.android.globallauncher', mForegroundUid=10153, mForegroundPid=3926, mLastForegroundPackageName='com.lucasbeats.federacao', mLastForegroundUid=10373, mLastForegroundPid=26055, mMultiWindowForegroundPackageName='com.mi.android.globallauncher', mMultiWindowForegroundUid=10153, mFlags=0}
2025-07-01 18:24:26.195 26866-26881 ProcessMonitor          com.miui.msa.global                  I  onForegroundInfoChanged: ForegroundInfo{mForegroundPackageName='com.mi.android.globallauncher', mForegroundUid=10153, mForegroundPid=3926, mLastForegroundPackageName='com.lucasbeats.federacao', mLastForegroundUid=10373, mLastForegroundPid=26055, mMultiWindowForegroundPackageName='com.mi.android.globallauncher', mMultiWindowForegroundUid=10153, mFlags=0}
2025-07-01 18:24:26.195  9959-17431 PerfEngineController    com.miui.powerkeeper                 D  ForegroundInfo{mForegroundPackageName='com.mi.android.globallauncher', mForegroundUid=10153, mForegroundPid=3926, mLastForegroundPackageName='com.lucasbeats.federacao', mLastForegroundUid=10373, mLastForegroundPid=26055, mMultiWindowForegroundPackageName='com.mi.android.globallauncher', mMultiWindowForegroundUid=10153, mFlags=0}
2025-07-01 18:24:26.196 21999-3303  AppObserver             com.mi.android.globallauncher        D  ForegroundInfo{mForegroundPackageName='com.mi.android.globallauncher', mForegroundUid=10153, mForegroundPid=3926, mLastForegroundPackageName='com.lucasbeats.federacao', mLastForegroundUid=10373, mLastForegroundPid=26055, mMultiWindowForegroundPackageName='com.mi.android.globallauncher', mMultiWindowForegroundUid=10153, mFlags=0}
2025-07-01 18:24:26.196 21884-7662  ProcessMonitor          com.miui.securitycenter.remote       I  onForegroundInfoChanged: ForegroundInfo{mForegroundPackageName='com.mi.android.globallauncher', mForegroundUid=10153, mForegroundPid=3926, mLastForegroundPackageName='com.lucasbeats.federacao', mLastForegroundUid=10373, mLastForegroundPid=26055, mMultiWindowForegroundPackageName='com.mi.android.globallauncher', mMultiWindowForegroundUid=10153, mFlags=0}
2025-07-01 18:24:26.198  3926-3926  TaskView                com.mi.android.globallauncher        D  TaskView bind task, task=[TaskKey{id=498, stackId=0, baseIntent=Intent { act=android.intent.action.MAIN cat=[android.intent.category.LAUNCHER] flg=0x10200000 cmp=com.lucasbeats.federacao/.MainActivity }, userId=0, lastActiveTime=4741938, windowingMode=1, isThumbnailBlur=false, isScreening=false, topActivity=ComponentInfo{com.lucasbeats.federacao/com.lucasbeats.federacao.MainActivity}, mHashCode=15759470}, title=lucasbeatsfederacao, titleDescription=lucasbeatsfederacao, bounds=null, isLaunchTarget=true, isStackTask=true, isSystemApp=false, isDockable=true, baseActivity=ComponentInfo{com.lucasbeats.federacao/com.lucasbeats.federacao.MainActivity}, isLocked=false, isAccessLocked=false, mNeedHide=false] , isLock=false
2025-07-01 18:24:26.198  3926-3926  TaskViewThumbnail       com.mi.android.globallauncher        D  updateThumbnailScale, t=[TaskKey{id=498, stackId=0, baseIntent=Intent { act=android.intent.action.MAIN cat=[android.intent.category.LAUNCHER] flg=0x10200000 cmp=com.lucasbeats.federacao/.MainActivity }, userId=0, lastActiveTime=4741938, windowingMode=1, isThumbnailBlur=false, isScreening=false, topActivity=ComponentInfo{com.lucasbeats.federacao/com.lucasbeats.federacao.MainActivity}, mHashCode=15759470}, title=lucasbeatsfederacao, titleDescription=lucasbeatsfederacao, bounds=null, isLaunchTarget=true, isStackTask=true, isSystemApp=false, isDockable=true, baseActivity=ComponentInfo{com.lucasbeats.federacao/com.lucasbeats.federacao.MainActivity}, isLocked=false, isAccessLocked=false, mNeedHide=false] , mThumbnailBitmapSizeAfterScaled=(529, 1115)
2025-07-01 18:24:26.199  7769-16220 GameBoosterService      com.miui.securitycenter.remote       I  onForegroundInfoChanged: Cur=com.mi.android.globallauncher	 last=com.lucasbeats.federacao
2025-07-01 18:24:26.199  7769-16220 GameBoosterService      com.miui.securitycenter.remote       D  onGameStatusChange foreground:ForegroundInfo{mForegroundPackageName='com.mi.android.globallauncher', mForegroundUid=10153, mForegroundPid=3926, mLastForegroundPackageName='com.lucasbeats.federacao', mLastForegroundUid=10373, mLastForegroundPid=26055, mMultiWindowForegroundPackageName='com.mi.android.globallauncher', mMultiWindowForegroundUid=10153, mFlags=0}
2025-07-01 18:24:26.199  7769-16220 BeautyService           com.miui.securitycenter.remote       I  onForegroundInfoChanged: Cur=com.mi.android.globallauncher	 last=com.lucasbeats.federacao
2025-07-01 18:24:26.200  9975-15075 GST                     com.xiaomi.joyose                    I  forePkg: com.mi.android.globallauncher, preForePkg: com.lucasbeats.federacao
2025-07-01 18:24:26.203  9975-15075 GID                     com.xiaomi.joyose                    I  PKG: com.lucasbeats.federacao IG ? false
2025-07-01 18:24:26.205  9975-15075 GID                     com.xiaomi.joyose                    I  PKG: com.lucasbeats.federacao IG ? false
2025-07-01 18:24:26.251  2702-2868  SmartPower...373(26055) system_server                        I  visible->invisible(28187ms) R(become invisible) adj=200.
2025-07-01 18:24:26.251  2702-2868  SmartPower...373(26055) system_server                        I  invisible->background(0ms) R(become background) adj=200.
2025-07-01 18:24:26.318  3926-3926  TaskViewThumbnail       com.mi.android.globallauncher        D  updateThumbnailScale, t=[TaskKey{id=498, stackId=0, baseIntent=Intent { act=android.intent.action.MAIN cat=[android.intent.category.LAUNCHER] flg=0x10200000 cmp=com.lucasbeats.federacao/.MainActivity }, userId=0, lastActiveTime=4741938, windowingMode=1, isThumbnailBlur=false, isScreening=false, topActivity=ComponentInfo{com.lucasbeats.federacao/com.lucasbeats.federacao.MainActivity}, mHashCode=15759470}, title=lucasbeatsfederacao, titleDescription=lucasbeatsfederacao, bounds=null, isLaunchTarget=true, isStackTask=true, isSystemApp=false, isDockable=true, baseActivity=ComponentInfo{com.lucasbeats.federacao/com.lucasbeats.federacao.MainActivity}, isLocked=false, isAccessLocked=false, mNeedHide=false] , mThumbnailBitmapSizeAfterScaled=(529, 1115)
2025-07-01 18:24:26.325  3926-4768  ActivityManagerWrapper  com.mi.android.globallauncher        E  getRecentTasks: mainTaskId=498   userId=0   baseIntent=Intent { act=android.intent.action.MAIN flag=270532608 cmp=ComponentInfo{com.lucasbeats.federacao/com.lucasbeats.federacao.MainActivity} }
2025-07-01 18:24:26.344  3926-4768  ActivityManagerWrapper  com.mi.android.globallauncher        E  getRecentTasks: mainTaskId=498   userId=0   baseIntent=Intent { act=android.intent.action.MAIN flag=270532608 cmp=ComponentInfo{com.lucasbeats.federacao/com.lucasbeats.federacao.MainActivity} }
2025-07-01 18:24:26.946 26055-16860 beats.federacao         com.lucasbeats.federacao             W  Reducing the number of considered missed Gc histogram windows from 135 to 100
2025-07-01 18:24:27.014 26055-26055 OrientationModule       com.lucasbeats.federacao             D  onActivityStopped
2025-07-01 18:24:27.016 26055-26055 OrientationModule       com.lucasbeats.federacao             D  onActivitySaveInstanceState
2025-07-01 18:24:27.031  2702-4211  ProcessMemoryCleaner    system_server                        D  Compact memory: com.lucasbeats.federacao/10373(26055) state=inactive adj=702 pri=111 usage=5 isKilled=false pss:253448 swap:152840
2025-07-01 18:24:27.384  3926-4768  ActivityManagerWrapper  com.mi.android.globallauncher        E  getRecentTasks: mainTaskId=498   userId=0   baseIntent=Intent { act=android.intent.action.MAIN flag=270532608 cmp=ComponentInfo{com.lucasbeats.federacao/com.lucasbeats.federacao.MainActivity} }
2025-07-01 18:24:27.400  3926-4768  ActivityManagerWrapper  com.mi.android.globallauncher        E  getRecentTasks: mainTaskId=498   userId=0   baseIntent=Intent { act=android.intent.action.MAIN flag=270532608 cmp=ComponentInfo{com.lucasbeats.federacao/com.lucasbeats.federacao.MainActivity} }
2025-07-01 18:24:29.252  2702-3598  SmartPower...373(26055) system_server                        I  background->idle(3000ms) R(become background) adj=702.
2025-07-01 18:24:31.252  2702-4211  ProcessMemoryCleaner    system_server                        D  Compact memory: com.lucasbeats.federacao/10373(26055) state=hibernation adj=702 pri=111 usage=5 isKilled=false pss:253448 swap:152840
2025-07-01 18:24:48.530  3926-3926  TaskView                com.mi.android.globallauncher        D  TaskView bind task, task=[TaskKey{id=498, stackId=0, baseIntent=Intent { act=android.intent.action.MAIN cat=[android.intent.category.LAUNCHER] flg=0x10200000 cmp=com.lucasbeats.federacao/.MainActivity }, userId=0, lastActiveTime=4770087, windowingMode=1, isThumbnailBlur=false, isScreening=false, topActivity=ComponentInfo{com.lucasbeats.federacao/com.lucasbeats.federacao.MainActivity}, mHashCode=15759470}, title=lucasbeatsfederacao, titleDescription=lucasbeatsfederacao, bounds=null, isLaunchTarget=false, isStackTask=true, isSystemApp=false, isDockable=true, baseActivity=ComponentInfo{com.lucasbeats.federacao/com.lucasbeats.federacao.MainActivity}, isLocked=false, isAccessLocked=false, mNeedHide=false] , isLock=false
2025-07-01 18:24:48.530  3926-3926  TaskViewThumbnail       com.mi.android.globallauncher        D  updateThumbnailScale, t=[TaskKey{id=498, stackId=0, baseIntent=Intent { act=android.intent.action.MAIN cat=[android.intent.category.LAUNCHER] flg=0x10200000 cmp=com.lucasbeats.federacao/.MainActivity }, userId=0, lastActiveTime=4770087, windowingMode=1, isThumbnailBlur=false, isScreening=false, topActivity=ComponentInfo{com.lucasbeats.federacao/com.lucasbeats.federacao.MainActivity}, mHashCode=15759470}, title=lucasbeatsfederacao, titleDescription=lucasbeatsfederacao, bounds=null, isLaunchTarget=false, isStackTask=true, isSystemApp=false, isDockable=true, baseActivity=ComponentInfo{com.lucasbeats.federacao/com.lucasbeats.federacao.MainActivity}, isLocked=false, isAccessLocked=false, mNeedHide=false] , mThumbnailBitmapSizeAfterScaled=(529, 1115)
2025-07-01 18:24:48.533  3926-3926  TaskView                com.mi.android.globallauncher        D  TaskView bind task, task=[TaskKey{id=498, stackId=0, baseIntent=Intent { act=android.intent.action.MAIN cat=[android.intent.category.LAUNCHER] flg=0x10200000 cmp=com.lucasbeats.federacao/.MainActivity }, userId=0, lastActiveTime=4770087, windowingMode=1, isThumbnailBlur=false, isScreening=false, topActivity=ComponentInfo{com.lucasbeats.federacao/com.lucasbeats.federacao.MainActivity}, mHashCode=15759470}, title=lucasbeatsfederacao, titleDescription=lucasbeatsfederacao, bounds=null, isLaunchTarget=false, isStackTask=true, isSystemApp=false, isDockable=true, baseActivity=ComponentInfo{com.lucasbeats.federacao/com.lucasbeats.federacao.MainActivity}, isLocked=false, isAccessLocked=false, mNeedHide=false] , isLock=false
2025-07-01 18:24:48.533  3926-3926  TaskViewThumbnail       com.mi.android.globallauncher        D  updateThumbnailScale, t=[TaskKey{id=498, stackId=0, baseIntent=Intent { act=android.intent.action.MAIN cat=[android.intent.category.LAUNCHER] flg=0x10200000 cmp=com.lucasbeats.federacao/.MainActivity }, userId=0, lastActiveTime=4770087, windowingMode=1, isThumbnailBlur=false, isScreening=false, topActivity=ComponentInfo{com.lucasbeats.federacao/com.lucasbeats.federacao.MainActivity}, mHashCode=15759470}, title=lucasbeatsfederacao, titleDescription=lucasbeatsfederacao, bounds=null, isLaunchTarget=false, isStackTask=true, isSystemApp=false, isDockable=true, baseActivity=ComponentInfo{com.lucasbeats.federacao/com.lucasbeats.federacao.MainActivity}, isLocked=false, isAccessLocked=false, mNeedHide=false] , mThumbnailBitmapSizeAfterScaled=(529, 1115)
2025-07-01 18:24:48.536  3926-3926  TaskView                com.mi.android.globallauncher        D  TaskView bind task, task=[TaskKey{id=498, stackId=0, baseIntent=Intent { act=android.intent.action.MAIN cat=[android.intent.category.LAUNCHER] flg=0x10200000 cmp=com.lucasbeats.federacao/.MainActivity }, userId=0, lastActiveTime=4770087, windowingMode=1, isThumbnailBlur=false, isScreening=false, topActivity=ComponentInfo{com.lucasbeats.federacao/com.lucasbeats.federacao.MainActivity}, mHashCode=15759470}, title=lucasbeatsfederacao, titleDescription=lucasbeatsfederacao, bounds=null, isLaunchTarget=false, isStackTask=true, isSystemApp=false, isDockable=true, baseActivity=ComponentInfo{com.lucasbeats.federacao/com.lucasbeats.federacao.MainActivity}, isLocked=false, isAccessLocked=false, mNeedHide=false] , isLock=false
2025-07-01 18:24:48.536  3926-3926  TaskViewThumbnail       com.mi.android.globallauncher        D  updateThumbnailScale, t=[TaskKey{id=498, stackId=0, baseIntent=Intent { act=android.intent.action.MAIN cat=[android.intent.category.LAUNCHER] flg=0x10200000 cmp=com.lucasbeats.federacao/.MainActivity }, userId=0, lastActiveTime=4770087, windowingMode=1, isThumbnailBlur=false, isScreening=false, topActivity=ComponentInfo{com.lucasbeats.federacao/com.lucasbeats.federacao.MainActivity}, mHashCode=15759470}, title=lucasbeatsfederacao, titleDescription=lucasbeatsfederacao, bounds=null, isLaunchTarget=false, isStackTask=true, isSystemApp=false, isDockable=true, baseActivity=ComponentInfo{com.lucasbeats.federacao/com.lucasbeats.federacao.MainActivity}, isLocked=false, isAccessLocked=false, mNeedHide=false] , mThumbnailBitmapSizeAfterScaled=(529, 1115)
2025-07-01 18:24:48.576  3926-3926  TaskView                com.mi.android.globallauncher        D  TaskView bind task, task=[TaskKey{id=498, stackId=0, baseIntent=Intent { act=android.intent.action.MAIN cat=[android.intent.category.LAUNCHER] flg=0x10200000 cmp=com.lucasbeats.federacao/.MainActivity }, userId=0, lastActiveTime=4770087, windowingMode=1, isThumbnailBlur=false, isScreening=false, topActivity=ComponentInfo{com.lucasbeats.federacao/com.lucasbeats.federacao.MainActivity}, mHashCode=15759470}, title=lucasbeatsfederacao, titleDescription=lucasbeatsfederacao, bounds=null, isLaunchTarget=false, isStackTask=true, isSystemApp=false, isDockable=true, baseActivity=ComponentInfo{com.lucasbeats.federacao/com.lucasbeats.federacao.MainActivity}, isLocked=false, isAccessLocked=false, mNeedHide=false] , isLock=false
2025-07-01 18:24:48.576  3926-3926  TaskViewThumbnail       com.mi.android.globallauncher        D  updateThumbnailScale, t=[TaskKey{id=498, stackId=0, baseIntent=Intent { act=android.intent.action.MAIN cat=[android.intent.category.LAUNCHER] flg=0x10200000 cmp=com.lucasbeats.federacao/.MainActivity }, userId=0, lastActiveTime=4770087, windowingMode=1, isThumbnailBlur=false, isScreening=false, topActivity=ComponentInfo{com.lucasbeats.federacao/com.lucasbeats.federacao.MainActivity}, mHashCode=15759470}, title=lucasbeatsfederacao, titleDescription=lucasbeatsfederacao, bounds=null, isLaunchTarget=false, isStackTask=true, isSystemApp=false, isDockable=true, baseActivity=ComponentInfo{com.lucasbeats.federacao/com.lucasbeats.federacao.MainActivity}, isLocked=false, isAccessLocked=false, mNeedHide=false] , mThumbnailBitmapSizeAfterScaled=(529, 1115)
2025-07-01 18:24:48.704  3926-4768  ActivityManagerWrapper  com.mi.android.globallauncher        E  getRecentTasks: mainTaskId=498   userId=0   baseIntent=Intent { act=android.intent.action.MAIN flag=270532608 cmp=ComponentInfo{com.lucasbeats.federacao/com.lucasbeats.federacao.MainActivity} }
2025-07-01 18:24:48.734  3926-4768  ActivityManagerWrapper  com.mi.android.globallauncher        E  getRecentTasks: mainTaskId=498   userId=0   baseIntent=Intent { act=android.intent.action.MAIN flag=270532608 cmp=ComponentInfo{com.lucasbeats.federacao/com.lucasbeats.federacao.MainActivity} }
2025-07-01 18:24:49.985  2702-3279  PerfStubImpl            system_server                        D  perfWarmLaunchBoost: com.lucasbeats.federacao, -1, 1
2025-07-01 18:24:49.985  1345-1345  vendor.qti...al-service ven...qti.hardware.perf-hal-service  E  ExtendedPerfBoost: extended_perfboost_verification() 738: Ok, set boost params. hintid=4226 hinttype=1 prio=2, clientpid=2702 packagename=com.lucasbeats.federacao params=boost:1 cpu0:1958400 cpu4:2400000 cpumask:ff
2025-07-01 18:24:49.995  2702-3279  PerfStubImpl            system_server                        D  perfWarmLaunchBoost: com.lucasbeats.federacao, -1, 1
2025-07-01 18:24:49.995  1345-1345  vendor.qti...al-service ven...qti.hardware.perf-hal-service  E  ExtendedPerfBoost: extended_perfboost_verification() 738: Ok, set boost params. hintid=4226 hinttype=1 prio=2, clientpid=2702 packagename=com.lucasbeats.federacao params=boost:1 cpu0:1958400 cpu4:2400000 cpumask:ff
2025-07-01 18:24:49.995  2702-3279   MiuiBooster            system_server                        D  bring com.lucasbeats.federacao to RT when hot launching.
