2025-07-12 19:35:29.386 11857-11857 flutter                 com.lucasbeats.federacao             I  [INFO] API Response Status: 200, Body: {"success":true,"count":2,"total":2,"page":1,"pages":1,"data":[{"_id":"686886df967098f4aaba12ad","name":"AK47","tag":"MVK","description":"string","banner":null,"flag":null,"leader":{"_id":"6840fa81d3e355548749dfc6","username":"idcloned","avatar":null},"subLeaders":[],"members":[{"_id":"6840fa81d3e355548749dfc6","username":"idcloned","avatar":null}],"federation":null,"allies":[],"enemies":[],"customRoles":[],"memberRoles":[],"createdAt":"2025-07-05T01:58:55.750Z","__v":0,"rules":"semprejuntos"},{"_id":"6872a895e86ea9b59a75bea0","name":"ahaga","tag":"555","banner":null,"flag":null,"leader":{"_id":"6840fa81d3e355548749dfc6","username":"idcloned","avatar":null},"subLeaders":[],"members":[{"_id":"6840fa81d3e355548749dfc6","username":"idcloned","avatar":null}],"federation":null,"allies":[],"enemies":[],"customRoles":[],"memberRoles":[],"createdAt":"2025-07-12T18:25:25.766Z","__v":0}],"cached":true,"cacheKey":"v1:clan:list:all_p1_l10"}
2025-07-12 19:35:29.389 11857-11857 flutter                 com.lucasbeats.federacao             I  [ERROR] âŒ Error fetching all clans
2025-07-12 19:35:29.390 11857-11857 flutter                 com.lucasbeats.federacao             I    Error: type '_Map<String, dynamic>' is not a subtype of type 'String'
2025-07-12 19:35:29.390 11857-11857 flutter                 com.lucasbeats.federacao             I    StackTrace: #0      new List.from (dart:core-patch/array_patch.dart:30:5)
                                                                                                    #1      new Clan.fromMap (package:lucasbeatsfederacao/models/clan_model.dart:79:16)
                                                                                                    #2      ClanService.getAllClans.<anonymous closure> (package:lucasbeatsfederacao/services/clan_service.dart:57:47)
                                                                                                    #3      MappedListIterable.elementAt (dart:_internal/iterable.dart:442:31)
                                                                                                    #4      ListIterator.moveNext (dart:_internal/iterable.dart:371:26)
                                                                                                    #5      new _GrowableList._ofEfficientLengthIterable (dart:core-patch/growable_array.dart:194:27)
                                                                                                    #6      new _GrowableList.of (dart:core-patch/growable_array.dart:154:28)
                                                                                                    #7      new List.of (dart:core-patch/array_patch.dart:40:18)
                                                                                                    #8      ListIterable.toList (dart:_internal/iterable.dart:224:7)
                                                                                                    #9      ClanService.getAllClans (package:lucasbeatsfederacao/services/clan_service.dart:57:62)
                                                                                                    <asynchronous suspension>
                                                                                                    #10     _AdminManageClansScreenState._loadClans (package:lucasbeatsfederacao/screens/admin_manage_clans_screen.dart:105:21)
                                                                                                    <asynchronous suspension>
                                                                                                    #11     _AdminManageClansScreenState
2025-07-12 19:35:29.390 11857-11857 flutter                 com.lucasbeats.federacao             I  [INFO] Loading federations...
2025-07-12 19:35:29.391 11857-11857 flutter                 com.lucasbeats.federacao             I  [INFO] API GET Request: https://beckend-ydd1.onrender.com/api/federations
2025-07-12 19:35:30.610 11857-11857 flutter                 com.lucasbeats.federacao             I  [INFO] API Response Status: 200, Body: {"success":true,"count":2,"total":2,"page":1,"pages":1,"data":[{"_id":"6865b594991986d59d2eea68","name":"FEDERACAO_6L","description":"BASE_INICIAL","banner":null,"leader":{"_id":"6840fa81d3e355548749dfc6","username":"idcloned","avatar":null},"subLeaders":[],"clans":[],"allies":[],"enemies":[],"createdAt":"2025-07-02T22:41:24.141Z","__v":0},{"_id":"6872932b77ec4ac10ea433d5","name":"ff33","banner":null,"leader":{"_id":"6840fa81d3e355548749dfc6","username":"idcloned","avatar":null},"subLeaders":[],"clans":[],"allies":[],"enemies":[],"createdAt":"2025-07-12T16:54:03.676Z","__v":0}],"cached":true,"cacheKey":"v1:federation:list"}
2025-07-12 19:35:31.569 11857-11857 InputMethodManager      com.lucasbeats.federacao             D  showSoftInput() view=io.flutter.embedding.android.FlutterView{2ab270d VFE...... .F...... 0,0-1220,2570 #1 aid=1073741824} flags=0 reason=SHOW_SOFT_INPUT
2025-07-12 19:35:32.943 11857-11857 flutter                 com.lucasbeats.federacao             I  [INFO] Notifications button pressed.
2025-07-12 19:35:32.956 11857-11857 flutter                 com.lucasbeats.federacao             I  [INFO] API GET Request: https://beckend-ydd1.onrender.com/api/invites/me
2025-07-12 19:35:33.288 11857-11857 flutter                 com.lucasbeats.federacao             I  [ERROR] âŒ Flutter Error:
2025-07-12 19:35:33.288 11857-11857 flutter                 com.lucasbeats.federacao             I    Error: Invalid argument(s): No host specified in URI 
2025-07-12 19:35:33.288 11857-11857 flutter                 com.lucasbeats.federacao             I    StackTrace: #0      _HttpClient._openUrl (dart:_http/http_impl.dart:3019:9)
                                                                                                    #1      _HttpClient.openUrl (dart:_http/http_impl.dart:2875:7)
                                                                                                    #2      IOClient.send (package:http/src/io_client.dart:117:38)
                                                                                                    #3      HttpFileService.get (package:flutter_cache_manager/src/web/file_service.dart:37:44)
                                                                                                    #4      WebHelper._download (package:flutter_cache_manager/src/web/web_helper.dart:115:24)
                                                                                                    #5      WebHelper._updateFile (package:flutter_cache_manager/src/web/web_helper.dart:96:28)
                                                                                                    <asynchronous suspension>
                                                                                                    #6      WebHelper._downloadOrAddToQueue (package:flutter_cache_manager/src/web/web_helper.dart:64:7)
                                                                                                    <asynchronous suspension>
2025-07-12 19:35:34.088 11857-11857 flutter                 com.lucasbeats.federacao             I  [INFO] API Response Status: 200, Body: {"success":true,"invites":[],"count":0,"message":"Convites do usuÃ¡rio carregados com sucesso"}
2025-07-12 19:35:34.090 11857-11857 flutter                 com.lucasbeats.federacao             I  [ERROR] âŒ Erro ao obter meus convites
2025-07-12 19:35:34.090 11857-11857 flutter                 com.lucasbeats.federacao             I    Error: type 'Null' is not a subtype of type 'List<dynamic>' in type cast
2025-07-12 19:35:34.090 11857-11857 flutter                 com.lucasbeats.federacao             I  [ERROR] âŒ Erro ao carregar convites
2025-07-12 19:35:34.090 11857-11857 flutter                 com.lucasbeats.federacao             I    Error: type 'Null' is not a subtype of type 'List<dynamic>' in type cast
2025-07-12 19:35:34.673 11857-11857 InputMethodManager      com.lucasbeats.federacao             D  showSoftInput() view=io.flutter.embedding.android.FlutterView{2ab270d VFE...... .F...... 0,0-1220,2570 #1 aid=1073741824} flags=0 reason=SHOW_SOFT_INPUT
2025-07-12 19:35:36.354 11857-11857 flutter                 com.lucasbeats.federacao             I  [INFO] Voice rooms button pressed.
2025-07-12 19:35:36.684 11857-11857 flutter                 com.lucasbeats.federacao             I  [ERROR] âŒ Flutter Error:
2025-07-12 19:35:36.684 11857-11857 flutter                 com.lucasbeats.federacao             I    Error: Invalid argument(s): No host specified in URI 
2025-07-12 19:35:36.684 11857-11857 flutter                 com.lucasbeats.federacao             I    StackTrace: #0      _HttpClient._openUrl (dart:_http/http_impl.dart:3019:9)
                                                                                                    #1      _HttpClient.openUrl (dart:_http/http_impl.dart:2875:7)
                                                                                                    #2      IOClient.send (package:http/src/io_client.dart:117:38)
                                                                                                    #3      HttpFileService.get (package:flutter_cache_manager/src/web/file_service.dart:37:44)
                                                                                                    #4      WebHelper._download (package:flutter_cache_manager/src/web/web_helper.dart:115:24)
                                                                                                    #5      WebHelper._updateFile (package:flutter_cache_manager/src/web/web_helper.dart:96:28)
                                                                                                    <asynchronous suspension>
                                                                                                    #6      WebHelper._downloadOrAddToQueue (package:flutter_cache_manager/src/web/web_helper.dart:64:7)
                                                                                                    <asynchronous suspension>
2025-07-12 19:35:40.071 11857-11857 flutter                 com.lucasbeats.federacao             I  [INFO] Voice room voz_global_6840fa81d3e355548749dfc6_2fc3e06b created successfully.
2025-07-12 19:35:40.099  2558-4947  ActivityTaskManager     system_server                        I  START u0 {act=org.jitsi.meet.CONFERENCE cmp=com.lucasbeats.federacao/org.jitsi.jitsi_meet_flutter_sdk.WrapperJitsiMeetActivity (has extras)} from uid 10426 from pid 11857 callingPackage com.lucasbeats.federacao
2025-07-12 19:35:40.137 11857-11857 flutter                 com.lucasbeats.federacao             I  [INFO] Joined Jitsi meeting: voz_global_6840fa81d3e355548749dfc6_2fc3e06b
2025-07-12 19:35:40.152 11857-11857 flutter                 com.lucasbeats.federacao             I  [INFO] App lifecycle state changed: AppLifecycleState.inactive
2025-07-12 19:35:40.267 13447-30997 RecentsModel            com.mi.android.globallauncher        W  getRunningTask   taskInfo=TaskInfo{userId=0 taskId=323 displayId=0 isRunning=true baseIntent=Intent { act=android.intent.action.MAIN cat=[android.intent.category.LAUNCHER] flg=0x10200000 cmp=com.lucasbeats.federacao/.MainActivity } baseActivity=ComponentInfo{com.lucasbeats.federacao/com.lucasbeats.federacao.MainActivity} topActivity=ComponentInfo{com.lucasbeats.federacao/org.jitsi.jitsi_meet_flutter_sdk.WrapperJitsiMeetActivity} origActivity=null realActivity=ComponentInfo{com.lucasbeats.federacao/com.lucasbeats.federacao.MainActivity} numActivities=2 lastActiveTime=131593638 supportsSplitScreenMultiWindow=true supportsMultiWindow=true resizeMode=1 isResizeable=true minWidth=-1 minHeight=-1 defaultMinSize=200 token=WCT{android.window.IWindowContainerToken$Stub$Proxy@ef3100e} topActivityType=1 pictureInPictureParams=null shouldDockBigOverlays=false launchIntoPipHostTaskId=0 displayCutoutSafeInsets=Rect(0, 104 - 0, 0) topActivityInfo=ActivityInfo{5364a2f org.jitsi.jitsi_meet_flutter_sdk.WrapperJitsiMeetActivity} launchCookies=[] positionInParent=Point(0, 0) parentTaskId=-1 isFocused=true isVisible=true isSleeping=false topActivityInSizeCompat=false topActivityInMiuiSizeCompat=false topActivityEligibleForLetterboxEducation= false locusId=null displayAreaFeatureId=1 cameraCompatControlState=hidden mIsCastMode=false}
2025-07-12 19:35:40.270  3915-4771  RecentsModel            com.mi.android.globallauncher        W  getRunningTask   taskInfo=TaskInfo{userId=0 taskId=323 displayId=0 isRunning=true baseIntent=Intent { act=android.intent.action.MAIN cat=[android.intent.category.LAUNCHER] flg=0x10200000 cmp=com.lucasbeats.federacao/.MainActivity } baseActivity=ComponentInfo{com.lucasbeats.federacao/com.lucasbeats.federacao.MainActivity} topActivity=ComponentInfo{com.lucasbeats.federacao/org.jitsi.jitsi_meet_flutter_sdk.WrapperJitsiMeetActivity} origActivity=null realActivity=ComponentInfo{com.lucasbeats.federacao/com.lucasbeats.federacao.MainActivity} numActivities=2 lastActiveTime=131593640 supportsSplitScreenMultiWindow=true supportsMultiWindow=true resizeMode=1 isResizeable=true minWidth=-1 minHeight=-1 defaultMinSize=200 token=WCT{android.window.IWindowContainerToken$Stub$Proxy@291e3f9} topActivityType=1 pictureInPictureParams=null shouldDockBigOverlays=false launchIntoPipHostTaskId=0 displayCutoutSafeInsets=Rect(0, 104 - 0, 0) topActivityInfo=ActivityInfo{72a1f3e org.jitsi.jitsi_meet_flutter_sdk.WrapperJitsiMeetActivity} launchCookies=[] positionInParent=Point(0, 0) parentTaskId=-1 isFocused=true isVisible=true isSleeping=false topActivityInSizeCompat=false topActivityInMiuiSizeCompat=false topActivityEligibleForLetterboxEducation= false locusId=null displayAreaFeatureId=1 cameraCompatControlState=hidden mIsCastMode=false}
2025-07-12 19:35:40.282  3915-4771  RecentsModel            com.mi.android.globallauncher        W  getRunningTask   taskInfo=TaskInfo{userId=0 taskId=323 displayId=0 isRunning=true baseIntent=Intent { act=android.intent.action.MAIN cat=[android.intent.category.LAUNCHER] flg=0x10200000 cmp=com.lucasbeats.federacao/.MainActivity } baseActivity=ComponentInfo{com.lucasbeats.federacao/com.lucasbeats.federacao.MainActivity} topActivity=ComponentInfo{com.lucasbeats.federacao/org.jitsi.jitsi_meet_flutter_sdk.WrapperJitsiMeetActivity} origActivity=null realActivity=ComponentInfo{com.lucasbeats.federacao/com.lucasbeats.federacao.MainActivity} numActivities=2 lastActiveTime=131593653 supportsSplitScreenMultiWindow=true supportsMultiWindow=true resizeMode=1 isResizeable=true minWidth=-1 minHeight=-1 defaultMinSize=200 token=WCT{android.window.IWindowContainerToken$Stub$Proxy@a68619f} topActivityType=1 pictureInPictureParams=null shouldDockBigOverlays=false launchIntoPipHostTaskId=0 displayCutoutSafeInsets=Rect(0, 104 - 0, 0) topActivityInfo=ActivityInfo{c2a32ec org.jitsi.jitsi_meet_flutter_sdk.WrapperJitsiMeetActivity} launchCookies=[] positionInParent=Point(0, 0) parentTaskId=-1 isFocused=true isVisible=true isSleeping=false topActivityInSizeCompat=false topActivityInMiuiSizeCompat=false topActivityEligibleForLetterboxEducation= false locusId=null displayAreaFeatureId=1 cameraCompatControlState=hidden mIsCastMode=false}
2025-07-12 19:35:40.359  2558-4883  CoreBackPreview         system_server                        D  Window{7579d06 u0 com.lucasbeats.federacao/org.jitsi.jitsi_meet_flutter_sdk.WrapperJitsiMeetActivity}: Setting back callback OnBackInvokedCallbackInfo{mCallback=android.window.IOnBackInvokedCallback$Stub$Proxy@50d19f4, mPriority=0}
2025-07-12 19:35:40.361  3915-3915  RecentsImpl             com.mi.android.globallauncher        D  mActivityStateObserver org.jitsi.jitsi_meet_flutter_sdk.WrapperJitsiMeetActivity
2025-07-12 19:35:40.362 13447-13447 RecentsImpl             com.mi.android.globallauncher        D  mActivityStateObserver org.jitsi.jitsi_meet_flutter_sdk.WrapperJitsiMeetActivity
2025-07-12 19:35:40.363 13447-13447 RecentsImpl             com.mi.android.globallauncher        W  onResumed className=org.jitsi.jitsi_meet_flutter_sdk.WrapperJitsiMeetActivity   mIsInAnotherPro=true   isKeyguardLocked=false   mSecuritySpaceGuideShown=false
2025-07-12 19:35:40.365  3915-3915  RecentsImpl             com.mi.android.globallauncher        W  onResumed className=org.jitsi.jitsi_meet_flutter_sdk.WrapperJitsiMeetActivity   mIsInAnotherPro=false   isKeyguardLocked=false   mSecuritySpaceGuideShown=false
2025-07-12 19:35:40.398  2558-4947  WindowManager           system_server                        D  wms.Input focus has changed to Window{7579d06 u0 com.lucasbeats.federacao/org.jitsi.jitsi_meet_flutter_sdk.WrapperJitsiMeetActivity} display=0 updateInputWindows = true
2025-07-12 19:35:40.400  2558-2795  WindowManager           system_server                        D  wms.Update InputWindowHandle: 7579d06 com.lucasbeats.federacao/org.jitsi.jitsi_meet_flutter_sdk.WrapperJitsiMeetActivity, frame=[0,0,0,0], touchableRegion=SkRegion((0,0,1220,2712)), scaleFactor=1.0, transform=null, windowToken=android.os.BinderProxy@c831be1, isClone=false, visibal=true, focusable=true, changed=true
2025-07-12 19:35:40.402  1517-1677  SurfaceFlinger          surfaceflinger                       I  sf.setTransactionState focusRequest transactionId:10986526575178 frontWin:7579d06 com.lucasbeats.federacao/org.jitsi.jitsi_meet_flutter_sdk.WrapperJitsiMeetActivity
2025-07-12 19:35:40.418  1517-2712  SurfaceFlinger          surfaceflinger                       D  updateInputFlinger::setFocusedWindow: windowName=7579d06 com.lucasbeats.federacao/org.jitsi.jitsi_meet_flutter_sdk.WrapperJitsiMeetActivity focusRequests.size=1
2025-07-12 19:35:40.439  2558-4888  WindowManager           system_server                        D  wms.finishDrawingLocked: mDrawState=COMMIT_DRAW_PENDING Window{7579d06 u0 com.lucasbeats.federacao/org.jitsi.jitsi_meet_flutter_sdk.WrapperJitsiMeetActivity} in Surface(name=com.lucasbeats.federacao/org.jitsi.jitsi_meet_flutter_sdk.WrapperJitsiMeetActivity)/@0xc753b6
2025-07-12 19:35:40.439  2558-4888  MiuiFreeFo...ntListener system_server                        D  finishDrawingWindow: topFullScreenWindow= Window{7579d06 u0 com.lucasbeats.federacao/org.jitsi.jitsi_meet_flutter_sdk.WrapperJitsiMeetActivity}
2025-07-12 19:35:40.462  2558-2795  WindowManager           system_server                        I  wms.showSurfaceRobustly mWin:Window{7579d06 u0 com.lucasbeats.federacao/org.jitsi.jitsi_meet_flutter_sdk.WrapperJitsiMeetActivity}
2025-07-12 19:35:40.465  2558-2791  ActivityTaskManager     system_server                        I  Displayed com.lucasbeats.federacao/org.jitsi.jitsi_meet_flutter_sdk.WrapperJitsiMeetActivity: +357ms
2025-07-12 19:35:40.477 11857-11857 flutter                 com.lucasbeats.federacao             I  [INFO] User idcloned joined voice room voz_global_6840fa81d3e355548749dfc6_2fc3e06b.
2025-07-12 19:35:40.477 11857-11857 flutter                 com.lucasbeats.federacao             I  [INFO] Sala criada e usuÃ¡rio entrou: voz_global_6840fa81d3e355548749dfc6_2fc3e06b
2025-07-12 19:35:40.962  2558-2795  WindowManager           system_server                        D  wms.Update InputWindowHandle: 7579d06 com.lucasbeats.federacao/org.jitsi.jitsi_meet_flutter_sdk.WrapperJitsiMeetActivity, frame=[0,0,0,0], touchableRegion=SkRegion((0,0,1220,2712)), scaleFactor=1.0, transform=null, windowToken=android.os.BinderProxy@c831be1, isClone=false, visibal=true, focusable=true, changed=true
2025-07-12 19:35:41.359 11857-11857 flutter                 com.lucasbeats.federacao             I  [INFO] App lifecycle state changed: AppLifecycleState.hidden
2025-07-12 19:35:41.359 11857-11857 flutter                 com.lucasbeats.federacao             I  [INFO] Updating presence for user 6840fa81d3e355548749dfc6 to: offline
2025-07-12 19:35:41.359 11857-11857 flutter                 com.lucasbeats.federacao             I  [INFO] API PUT Request: https://beckend-ydd1.onrender.com/api/users/6840fa81d3e355548749dfc6/status, Data: {"isOnline":false}
2025-07-12 19:35:41.360 11857-11857 flutter                 com.lucasbeats.federacao             I  [INFO] App lifecycle state changed: AppLifecycleState.paused
2025-07-12 19:35:41.360 11857-11857 flutter                 com.lucasbeats.federacao             I  [INFO] Updating presence for user 6840fa81d3e355548749dfc6 to: offline
2025-07-12 19:35:41.360 11857-11857 flutter                 com.lucasbeats.federacao             I  [INFO] API PUT Request: https://beckend-ydd1.onrender.com/api/users/6840fa81d3e355548749dfc6/status, Data: {"isOnline":false}
2025-07-12 19:35:41.976 11857-11857 flutter                 com.lucasbeats.federacao             I  [INFO] API Response Status: 400, Body: {"error":"Status invÃ¡lido."}
2025-07-12 19:35:41.977 11857-11857 flutter                 com.lucasbeats.federacao             I  [ERROR] âŒ API Error: 400 - {"error":"Status invÃ¡lido."} (Code: 400)
2025-07-12 19:35:41.977 11857-11857 flutter                 com.lucasbeats.federacao             I  [ERROR] âŒ Error updating user presence: Exception: {"error":"Status invÃ¡lido."} (Code: 400)
2025-07-12 19:35:41.977 11857-11857 flutter                 com.lucasbeats.federacao             I  [ERROR] âŒ Error updating presence in background
2025-07-12 19:35:41.977 11857-11857 flutter                 com.lucasbeats.federacao             I    Error: Exception: {"error":"Status invÃ¡lido."} (Code: 400)
2025-07-12 19:35:41.977 11857-11857 flutter                 com.lucasbeats.federacao             I    StackTrace: #0      ApiService._handleResponse (package:lucasbeatsfederacao/services/api_service.dart:79:7)
                                                                                                    #1      ApiService.put (package:lucasbeatsfederacao/services/api_service.dart:238:14)
                                                                                                    <asynchronous suspension>
                                                                                                    #2      ChatService.atualizarStatusPresenca (package:lucasbeatsfederacao/services/chat_service.dart:269:7)
                                                                                                    <asynchronous suspension>
2025-07-12 19:35:41.987 11857-11857 flutter                 com.lucasbeats.federacao             I  [INFO] API Response Status: 400, Body: {"error":"Status invÃ¡lido."}
2025-07-12 19:35:41.989 11857-11857 flutter                 com.lucasbeats.federacao             I  [ERROR] âŒ API Error: 400 - {"error":"Status invÃ¡lido."} (Code: 400)
2025-07-12 19:35:41.989 11857-11857 flutter                 com.lucasbeats.federacao             I  [ERROR] âŒ Error updating user presence: Exception: {"error":"Status invÃ¡lido."} (Code: 400)
2025-07-12 19:35:41.989 11857-11857 flutter                 com.lucasbeats.federacao             I  [ERROR] âŒ Error updating presence in background
2025-07-12 19:35:41.989 11857-11857 flutter                 com.lucasbeats.federacao             I    Error: Exception: {"error":"Status invÃ¡lido."} (Code: 400)
2025-07-12 19:35:41.990 11857-11857 flutter                 com.lucasbeats.federacao             I    StackTrace: #0      ApiService._handleResponse (package:lucasbeatsfederacao/services/api_service.dart:79:7)
                                                                                                    #1      ApiService.put (package:lucasbeatsfederacao/services/api_service.dart:238:14)
                                                                                                    <asynchronous suspension>
                                                                                                    #2      ChatService.atualizarStatusPresenca (package:lucasbeatsfederacao/services/chat_service.dart:269:7)
                                                                                                    <asynchronous suspension>
2025-07-12 19:35:46.109  2558-2795  WindowManager           system_server                        D  wms.Update InputWindowHandle: 7579d06 com.lucasbeats.federacao/org.jitsi.jitsi_meet_flutter_sdk.WrapperJitsiMeetActivity, frame=[0,0,0,0], touchableRegion=SkRegion((0,0,1220,2712)), scaleFactor=1.0, transform=null, windowToken=android.os.BinderProxy@c831be1, isClone=false, visibal=true, focusable=true, changed=true
2025-07-12 19:35:49.681 11857-11405 CameraManager           com.lucasbeats.federacao             I  Open camera top activityName is org.jitsi.jitsi_meet_flutter_sdk.WrapperJitsiMeetActivity
2025-07-12 19:35:49.685  1957-12272 CameraImpl              cameraserver                         D  splitClientPackageActivityName: app packageName is com.lucasbeats.federacao,activityName is org.jitsi.jitsi_meet_flutter_sdk.WrapperJitsiMeetActivity
2025-07-12 19:35:49.866  1957-12272 MiCameraSceneIdentify   cameraserver                         D  isScanScene: The activity is org.jitsi.jitsi_meet_flutter_sdk.WrapperJitsiMeetActivity 
2025-07-12 19:35:49.961 11857-11857 SurfaceView             com.lucasbeats.federacao             D  UPDATE Surface(name=SurfaceView[com.lucasbeats.federacao/org.jitsi.jitsi_meet_flutter_sdk.WrapperJitsiMeetActivity])/@0x416a85b, mIsProjectionMode = false
2025-07-12 19:35:50.160  1957-11416 MiCameraSceneIdentify   cameraserver                         D  isScanScene: The activity is org.jitsi.jitsi_meet_flutter_sdk.WrapperJitsiMeetActivity 
2025-07-12 19:35:50.541  2558-4858  PerfShielderService     system_server                        D  com.lucasbeats.federacao|com.lucasbeats.federacao/org.jitsi.jitsi_meet_flutter_sdk.WrapperJitsiMeetActivity|322|100377320602071|295|5|3
2025-07-12 19:35:52.165  2558-3033  MIUIInput               system_server                        D  [MotionEvent] publisher action=0x0, 100379640, channel '7579d06 com.lucasbeats.federacao/org.jitsi.jitsi_meet_flutter_sdk.WrapperJitsiMeetActivity (server)'
2025-07-12 19:35:52.227  2558-3033  MIUIInput               system_server                        D  [MotionEvent] publisher action=0x1, 100379701, channel '7579d06 com.lucasbeats.federacao/org.jitsi.jitsi_meet_flutter_sdk.WrapperJitsiMeetActivity (server)'
2025-07-12 19:35:53.837  2558-3033  MIUIInput               system_server                        D  [MotionEvent] publisher action=0x0, 100381311, channel '7579d06 com.lucasbeats.federacao/org.jitsi.jitsi_meet_flutter_sdk.WrapperJitsiMeetActivity (server)'
2025-07-12 19:35:53.893  2558-3033  MIUIInput               system_server                        D  [MotionEvent] publisher action=0x1, 100381368, channel '7579d06 com.lucasbeats.federacao/org.jitsi.jitsi_meet_flutter_sdk.WrapperJitsiMeetActivity (server)'
2025-07-12 19:35:55.658  2558-3033  MIUIInput               system_server                        D  [MotionEvent] publisher action=0x0, 100383132, channel '7579d06 com.lucasbeats.federacao/org.jitsi.jitsi_meet_flutter_sdk.WrapperJitsiMeetActivity (server)'
2025-07-12 19:35:55.730  2558-3033  MIUIInput               system_server                        D  [MotionEvent] publisher action=0x1, 100383205, channel '7579d06 com.lucasbeats.federacao/org.jitsi.jitsi_meet_flutter_sdk.WrapperJitsiMeetActivity (server)'
2025-07-12 19:35:56.338  2558-2795  WindowManager           system_server                        D  wms.Update InputWindowHandle: 7579d06 com.lucasbeats.federacao/org.jitsi.jitsi_meet_flutter_sdk.WrapperJitsiMeetActivity, frame=[0,0,0,0], touchableRegion=SkRegion((0,0,1220,2608)), scaleFactor=1.0, transform=null, windowToken=android.os.BinderProxy@c831be1, isClone=false, visibal=true, focusable=true, changed=true
2025-07-12 19:35:56.477  2558-4857  MiuiFreeFo...ntListener system_server                        D  finishDrawingWindow: topFullScreenWindow= Window{7579d06 u0 com.lucasbeats.federacao/org.jitsi.jitsi_meet_flutter_sdk.WrapperJitsiMeetActivity}
2025-07-12 19:35:58.073  2558-2795  WindowManager           system_server                        D  wms.Update InputWindowHandle: 7579d06 com.lucasbeats.federacao/org.jitsi.jitsi_meet_flutter_sdk.WrapperJitsiMeetActivity, frame=[0,0,0,0], touchableRegion=SkRegion((0,0,1220,2608)), scaleFactor=1.0, transform=null, windowToken=android.os.BinderProxy@c831be1, isClone=false, visibal=true, focusable=true, changed=true
2025-07-12 19:35:58.604  2558-4943  PerfShielderService     system_server                        D  com.lucasbeats.federacao|com.lucasbeats.federacao/org.jitsi.jitsi_meet_flutter_sdk.WrapperJitsiMeetActivity|183|100384047860194|84|5|5
2025-07-12 19:35:58.605  2558-4426  PerfShielderService     system_server                        D  com.lucasbeats.federacao|com.lucasbeats.federacao/org.jitsi.jitsi_meet_flutter_sdk.WrapperJitsiMeetActivity|99|100384197724361|79|5|3
2025-07-12 19:36:00.841  2558-3033  MIUIInput               system_server                        D  [MotionEvent] publisher action=0x0, 100388315, channel '7579d06 com.lucasbeats.federacao/org.jitsi.jitsi_meet_flutter_sdk.WrapperJitsiMeetActivity (server)'
2025-07-12 19:36:00.894  2558-4078  PerfShielderService     system_server                        D  com.lucasbeats.federacao|com.lucasbeats.federacao/org.jitsi.jitsi_meet_flutter_sdk.WrapperJitsiMeetActivity|298|100386501248578|239|2|2
2025-07-12 19:36:00.922  2558-3033  MIUIInput               system_server                        D  [MotionEvent] publisher action=0x1, 100388396, channel '7579d06 com.lucasbeats.federacao/org.jitsi.jitsi_meet_flutter_sdk.WrapperJitsiMeetActivity (server)'
2025-07-12 19:36:02.067  2558-2795  WindowManager           system_server                        D  wms.Update InputWindowHandle: 7579d06 com.lucasbeats.federacao/org.jitsi.jitsi_meet_flutter_sdk.WrapperJitsiMeetActivity, frame=[0,0,0,0], touchableRegion=SkRegion((0,0,1220,2608)), scaleFactor=1.0, transform=null, windowToken=android.os.BinderProxy@c831be1, isClone=false, visibal=true, focusable=true, changed=true
2025-07-12 19:36:02.074  3915-4771  RecentsModel            com.mi.android.globallauncher        W  getRunningTask   taskInfo=TaskInfo{userId=0 taskId=323 displayId=0 isRunning=true baseIntent=Intent { act=android.intent.action.MAIN cat=[android.intent.category.LAUNCHER] flg=0x10200000 cmp=com.lucasbeats.federacao/.MainActivity } baseActivity=ComponentInfo{com.lucasbeats.federacao/com.lucasbeats.federacao.MainActivity} topActivity=ComponentInfo{com.lucasbeats.federacao/org.jitsi.jitsi_meet_flutter_sdk.WrapperJitsiMeetActivity} origActivity=null realActivity=ComponentInfo{com.lucasbeats.federacao/com.lucasbeats.federacao.MainActivity} numActivities=2 lastActiveTime=131615447 supportsSplitScreenMultiWindow=true supportsMultiWindow=true resizeMode=1 isResizeable=true minWidth=-1 minHeight=-1 defaultMinSize=200 token=WCT{android.window.IWindowContainerToken$Stub$Proxy@803c6b5} topActivityType=1 pictureInPictureParams=null shouldDockBigOverlays=false launchIntoPipHostTaskId=0 displayCutoutSafeInsets=Rect(0, 104 - 0, 0) topActivityInfo=ActivityInfo{524f14a org.jitsi.jitsi_meet_flutter_sdk.WrapperJitsiMeetActivity} launchCookies=[] positionInParent=Point(0, 0) parentTaskId=-1 isFocused=true isVisible=true isSleeping=false topActivityInSizeCompat=false topActivityInMiuiSizeCompat=false topActivityEligibleForLetterboxEducation= false locusId=null displayAreaFeatureId=1 cameraCompatControlState=hidden mIsCastMode=false}
2025-07-12 19:36:04.115  7470-16131 MediaProvider           com...ndroid.providers.media.module  D  Open with FUSE. FilePath: /storage/emulated/0/Download/flutteranalyzeadminsuperusuario.txt. Uid: 10168. Media Capabilities Uid: 0. ShouldRedact: false. ShouldTranscode: false
2025-07-12 19:36:28.439  3915-3915  TaskView                com.mi.android.globallauncher        D  TaskView bind task, task=[TaskKey{id=323, stackId=0, baseIntent=Intent { act=android.intent.action.MAIN cat=[android.intent.category.LAUNCHER] flg=0x10200000 cmp=com.lucasbeats.federacao/.MainActivity }, userId=0, lastActiveTime=131615432, windowingMode=1, isThumbnailBlur=false, isScreening=false, topActivity=ComponentInfo{com.lucasbeats.federacao/org.jitsi.jitsi_meet_flutter_sdk.WrapperJitsiMeetActivity}, mHashCode=10546045}, title=FEDERACAOMAD, titleDescription=lucasbeatsfederacao, bounds=null, isLaunchTarget=false, isStackTask=true, isSystemApp=false, isDockable=true, baseActivity=ComponentInfo{com.lucasbeats.federacao/com.lucasbeats.federacao.MainActivity}, isLocked=false, isAccessLocked=false, mNeedHide=false] , isLock=false
2025-07-12 19:36:28.460  3915-3915  TaskViewThumbnail       com.mi.android.globallauncher        D  updateThumbnailScale, t=[TaskKey{id=323, stackId=0, baseIntent=Intent { act=android.intent.action.MAIN cat=[android.intent.category.LAUNCHER] flg=0x10200000 cmp=com.lucasbeats.federacao/.MainActivity }, userId=0, lastActiveTime=131615432, windowingMode=1, isThumbnailBlur=false, isScreening=false, topActivity=ComponentInfo{com.lucasbeats.federacao/org.jitsi.jitsi_meet_flutter_sdk.WrapperJitsiMeetActivity}, mHashCode=10546045}, title=FEDERACAOMAD, titleDescription=lucasbeatsfederacao, bounds=null, isLaunchTarget=false, isStackTask=true, isSystemApp=false, isDockable=true, baseActivity=ComponentInfo{com.lucasbeats.federacao/com.lucasbeats.federacao.MainActivity}, isLocked=false, isAccessLocked=false, mNeedHide=false] , mThumbnailBitmapSizeAfterScaled=(1177, 558)
2025-07-12 19:36:28.466  3915-3915  TaskView                com.mi.android.globallauncher        D  TaskView bind task, task=[TaskKey{id=323, stackId=0, baseIntent=Intent { act=android.intent.action.MAIN cat=[android.intent.category.LAUNCHER] flg=0x10200000 cmp=com.lucasbeats.federacao/.MainActivity }, userId=0, lastActiveTime=131615432, windowingMode=1, isThumbnailBlur=false, isScreening=false, topActivity=ComponentInfo{com.lucasbeats.federacao/org.jitsi.jitsi_meet_flutter_sdk.WrapperJitsiMeetActivity}, mHashCode=10546045}, title=FEDERACAOMAD, titleDescription=lucasbeatsfederacao, bounds=null, isLaunchTarget=false, isStackTask=true, isSystemApp=false, isDockable=true, baseActivity=ComponentInfo{com.lucasbeats.federacao/com.lucasbeats.federacao.MainActivity}, isLocked=false, isAccessLocked=false, mNeedHide=false] , isLock=false
2025-07-12 19:36:28.466  3915-3915  TaskViewThumbnail       com.mi.android.globallauncher        D  updateThumbnailScale, t=[TaskKey{id=323, stackId=0, baseIntent=Intent { act=android.intent.action.MAIN cat=[android.intent.category.LAUNCHER] flg=0x10200000 cmp=com.lucasbeats.federacao/.MainActivity }, userId=0, lastActiveTime=131615432, windowingMode=1, isThumbnailBlur=false, isScreening=false, topActivity=ComponentInfo{com.lucasbeats.federacao/org.jitsi.jitsi_meet_flutter_sdk.WrapperJitsiMeetActivity}, mHashCode=10546045}, title=FEDERACAOMAD, titleDescription=lucasbeatsfederacao, bounds=null, isLaunchTarget=false, isStackTask=true, isSystemApp=false, isDockable=true, baseActivity=ComponentInfo{com.lucasbeats.federacao/com.lucasbeats.federacao.MainActivity}, isLocked=false, isAccessLocked=false, mNeedHide=false] , mThumbnailBitmapSizeAfterScaled=(1177, 558)
2025-07-12 19:36:28.468  3915-3915  TaskView                com.mi.android.globallauncher        D  TaskView bind task, task=[TaskKey{id=323, stackId=0, baseIntent=Intent { act=android.intent.action.MAIN cat=[android.intent.category.LAUNCHER] flg=0x10200000 cmp=com.lucasbeats.federacao/.MainActivity }, userId=0, lastActiveTime=131615432, windowingMode=1, isThumbnailBlur=false, isScreening=false, topActivity=ComponentInfo{com.lucasbeats.federacao/org.jitsi.jitsi_meet_flutter_sdk.WrapperJitsiMeetActivity}, mHashCode=10546045}, title=FEDERACAOMAD, titleDescription=lucasbeatsfederacao, bounds=null, isLaunchTarget=false, isStackTask=true, isSystemApp=false, isDockable=true, baseActivity=ComponentInfo{com.lucasbeats.federacao/com.lucasbeats.federacao.MainActivity}, isLocked=false, isAccessLocked=false, mNeedHide=false] , isLock=false
2025-07-12 19:36:28.468  3915-3915  TaskViewThumbnail       com.mi.android.globallauncher        D  updateThumbnailScale, t=[TaskKey{id=323, stackId=0, baseIntent=Intent { act=android.intent.action.MAIN cat=[android.intent.category.LAUNCHER] flg=0x10200000 cmp=com.lucasbeats.federacao/.MainActivity }, userId=0, lastActiveTime=131615432, windowingMode=1, isThumbnailBlur=false, isScreening=false, topActivity=ComponentInfo{com.lucasbeats.federacao/org.jitsi.jitsi_meet_flutter_sdk.WrapperJitsiMeetActivity}, mHashCode=10546045}, title=FEDERACAOMAD, titleDescription=lucasbeatsfederacao, bounds=null, isLaunchTarget=false, isStackTask=true, isSystemApp=false, isDockable=true, baseActivity=ComponentInfo{com.lucasbeats.federacao/com.lucasbeats.federacao.MainActivity}, isLocked=false, isAccessLocked=false, mNeedHide=false] , mThumbnailBitmapSizeAfterScaled=(1177, 558)
2025-07-12 19:36:28.557  3915-3915  TaskView                com.mi.android.globallauncher        D  TaskView bind task, task=[TaskKey{id=323, stackId=0, baseIntent=Intent { act=android.intent.action.MAIN cat=[android.intent.category.LAUNCHER] flg=0x10200000 cmp=com.lucasbeats.federacao/.MainActivity }, userId=0, lastActiveTime=131615432, windowingMode=1, isThumbnailBlur=false, isScreening=false, topActivity=ComponentInfo{com.lucasbeats.federacao/org.jitsi.jitsi_meet_flutter_sdk.WrapperJitsiMeetActivity}, mHashCode=10546045}, title=FEDERACAOMAD, titleDescription=lucasbeatsfederacao, bounds=null, isLaunchTarget=false, isStackTask=true, isSystemApp=false, isDockable=true, baseActivity=ComponentInfo{com.lucasbeats.federacao/com.lucasbeats.federacao.MainActivity}, isLocked=false, isAccessLocked=false, mNeedHide=false] , isLock=false
2025-07-12 19:36:28.557  3915-3915  TaskViewThumbnail       com.mi.android.globallauncher        D  updateThumbnailScale, t=[TaskKey{id=323, stackId=0, baseIntent=Intent { act=android.intent.action.MAIN cat=[android.intent.category.LAUNCHER] flg=0x10200000 cmp=com.lucasbeats.federacao/.MainActivity }, userId=0, lastActiveTime=131615432, windowingMode=1, isThumbnailBlur=false, isScreening=false, topActivity=ComponentInfo{com.lucasbeats.federacao/org.jitsi.jitsi_meet_flutter_sdk.WrapperJitsiMeetActivity}, mHashCode=10546045}, title=FEDERACAOMAD, titleDescription=lucasbeatsfederacao, bounds=null, isLaunchTarget=false, isStackTask=true, isSystemApp=false, isDockable=true, baseActivity=ComponentInfo{com.lucasbeats.federacao/com.lucasbeats.federacao.MainActivity}, isLocked=false, isAccessLocked=false, mNeedHide=false] , mThumbnailBitmapSizeAfterScaled=(1177, 2479)
2025-07-12 19:36:28.586  3915-3915  TaskViewThumbnail       com.mi.android.globallauncher        D  updateThumbnailScale, t=[TaskKey{id=323, stackId=0, baseIntent=Intent { act=android.intent.action.MAIN cat=[android.intent.category.LAUNCHER] flg=0x10200000 cmp=com.lucasbeats.federacao/.MainActivity }, userId=0, lastActiveTime=131615432, windowingMode=1, isThumbnailBlur=false, isScreening=false, topActivity=ComponentInfo{com.lucasbeats.federacao/org.jitsi.jitsi_meet_flutter_sdk.WrapperJitsiMeetActivity}, mHashCode=10546045}, title=FEDERACAOMAD, titleDescription=lucasbeatsfederacao, bounds=null, isLaunchTarget=false, isStackTask=true, isSystemApp=false, isDockable=true, baseActivity=ComponentInfo{com.lucasbeats.federacao/com.lucasbeats.federacao.MainActivity}, isLocked=false, isAccessLocked=false, mNeedHide=false] , mThumbnailBitmapSizeAfterScaled=(530, 1116)
2025-07-12 19:36:28.587  3915-3915  TaskViewThumbnail       com.mi.android.globallauncher        D  updateThumbnailScale, t=[TaskKey{id=323, stackId=0, baseIntent=Intent { act=android.intent.action.MAIN cat=[android.intent.category.LAUNCHER] flg=0x10200000 cmp=com.lucasbeats.federacao/.MainActivity }, userId=0, lastActiveTime=131615432, windowingMode=1, isThumbnailBlur=false, isScreening=false, topActivity=ComponentInfo{com.lucasbeats.federacao/org.jitsi.jitsi_meet_flutter_sdk.WrapperJitsiMeetActivity}, mHashCode=10546045}, title=FEDERACAOMAD, titleDescription=lucasbeatsfederacao, bounds=null, isLaunchTarget=false, isStackTask=true, isSystemApp=false, isDockable=true, baseActivity=ComponentInfo{com.lucasbeats.federacao/com.lucasbeats.federacao.MainActivity}, isLocked=false, isAccessLocked=false, mNeedHide=false] , mThumbnailBitmapSizeAfterScaled=(529, 1115)
2025-07-12 19:36:30.387  3915-3915  TaskViewThumbnail       com.mi.android.globallauncher        D  updateThumbnailScale, t=[TaskKey{id=323, stackId=0, baseIntent=Intent { act=android.intent.action.MAIN cat=[android.intent.category.LAUNCHER] flg=0x10200000 cmp=com.lucasbeats.federacao/.MainActivity }, userId=0, lastActiveTime=131615432, windowingMode=1, isThumbnailBlur=false, isScreening=false, topActivity=ComponentInfo{com.lucasbeats.federacao/org.jitsi.jitsi_meet_flutter_sdk.WrapperJitsiMeetActivity}, mHashCode=10546045}, title=FEDERACAOMAD, titleDescription=lucasbeatsfederacao, bounds=null, isLaunchTarget=false, isStackTask=true, isSystemApp=false, isDockable=true, baseActivity=ComponentInfo{com.lucasbeats.federacao/com.lucasbeats.federacao.MainActivity}, isLocked=false, isAccessLocked=false, mNeedHide=false] , mThumbnailBitmapSizeAfterScaled=(530, 1116)
2025-07-12 19:36:30.404  3915-3915  TaskViewThumbnail       com.mi.android.globallauncher        D  updateThumbnailScale, t=[TaskKey{id=323, stackId=0, baseIntent=Intent { act=android.intent.action.MAIN cat=[android.intent.category.LAUNCHER] flg=0x10200000 cmp=com.lucasbeats.federacao/.MainActivity }, userId=0, lastActiveTime=131615432, windowingMode=1, isThumbnailBlur=false, isScreening=false, topActivity=ComponentInfo{com.lucasbeats.federacao/org.jitsi.jitsi_meet_flutter_sdk.WrapperJitsiMeetActivity}, mHashCode=10546045}, title=FEDERACAOMAD, titleDescription=lucasbeatsfederacao, bounds=null, isLaunchTarget=false, isStackTask=true, isSystemApp=false, isDockable=true, baseActivity=ComponentInfo{com.lucasbeats.federacao/com.lucasbeats.federacao.MainActivity}, isLocked=false, isAccessLocked=false, mNeedHide=false] , mThumbnailBitmapSizeAfterScaled=(529, 1115)
2025-07-12 19:36:30.471  3915-3915  TaskViewThumbnail       com.mi.android.globallauncher        D  updateThumbnailScale, t=[TaskKey{id=323, stackId=0, baseIntent=Intent { act=android.intent.action.MAIN cat=[android.intent.category.LAUNCHER] flg=0x10200000 cmp=com.lucasbeats.federacao/.MainActivity }, userId=0, lastActiveTime=131615432, windowingMode=1, isThumbnailBlur=false, isScreening=false, topActivity=ComponentInfo{com.lucasbeats.federacao/org.jitsi.jitsi_meet_flutter_sdk.WrapperJitsiMeetActivity}, mHashCode=10546045}, title=FEDERACAOMAD, titleDescription=lucasbeatsfederacao, bounds=null, isLaunchTarget=false, isStackTask=true, isSystemApp=false, isDockable=true, baseActivity=ComponentInfo{com.lucasbeats.federacao/com.lucasbeats.federacao.MainActivity}, isLocked=false, isAccessLocked=false, mNeedHide=false] , mThumbnailBitmapSizeAfterScaled=(530, 1116)
2025-07-12 19:36:30.489  3915-3915  TaskViewThumbnail       com.mi.android.globallauncher        D  updateThumbnailScale, t=[TaskKey{id=323, stackId=0, baseIntent=Intent { act=android.intent.action.MAIN cat=[android.intent.category.LAUNCHER] flg=0x10200000 cmp=com.lucasbeats.federacao/.MainActivity }, userId=0, lastActiveTime=131615432, windowingMode=1, isThumbnailBlur=false, isScreening=false, topActivity=ComponentInfo{com.lucasbeats.federacao/org.jitsi.jitsi_meet_flutter_sdk.WrapperJitsiMeetActivity}, mHashCode=10546045}, title=FEDERACAOMAD, titleDescription=lucasbeatsfederacao, bounds=null, isLaunchTarget=false, isStackTask=true, isSystemApp=false, isDockable=true, baseActivity=ComponentInfo{com.lucasbeats.federacao/com.lucasbeats.federacao.MainActivity}, isLocked=false, isAccessLocked=false, mNeedHide=false] , mThumbnailBitmapSizeAfterScaled=(529, 1115)
2025-07-12 19:36:30.504  3915-3915  TaskViewThumbnail       com.mi.android.globallauncher        D  updateThumbnailScale, t=[TaskKey{id=323, stackId=0, baseIntent=Intent { act=android.intent.action.MAIN cat=[android.intent.category.LAUNCHER] flg=0x10200000 cmp=com.lucasbeats.federacao/.MainActivity }, userId=0, lastActiveTime=131615432, windowingMode=1, isThumbnailBlur=false, isScreening=false, topActivity=ComponentInfo{com.lucasbeats.federacao/org.jitsi.jitsi_meet_flutter_sdk.WrapperJitsiMeetActivity}, mHashCode=10546045}, title=FEDERACAOMAD, titleDescription=lucasbeatsfederacao, bounds=null, isLaunchTarget=false, isStackTask=true, isSystemApp=false, isDockable=true, baseActivity=ComponentInfo{com.lucasbeats.federacao/com.lucasbeats.federacao.MainActivity}, isLocked=false, isAccessLocked=false, mNeedHide=false] , mThumbnailBitmapSizeAfterScaled=(530, 1116)
2025-07-12 19:36:30.521  3915-3915  TaskViewThumbnail       com.mi.android.globallauncher        D  updateThumbnailScale, t=[TaskKey{id=323, stackId=0, baseIntent=Intent { act=android.intent.action.MAIN cat=[android.intent.category.LAUNCHER] flg=0x10200000 cmp=com.lucasbeats.federacao/.MainActivity }, userId=0, lastActiveTime=131615432, windowingMode=1, isThumbnailBlur=false, isScreening=false, topActivity=ComponentInfo{com.lucasbeats.federacao/org.jitsi.jitsi_meet_flutter_sdk.WrapperJitsiMeetActivity}, mHashCode=10546045}, title=FEDERACAOMAD, titleDescription=lucasbeatsfederacao, bounds=null, isLaunchTarget=false, isStackTask=true, isSystemApp=false, isDockable=true, baseActivity=ComponentInfo{com.lucasbeats.federacao/com.lucasbeats.federacao.MainActivity}, isLocked=false, isAccessLocked=false, mNeedHide=false] , mThumbnailBitmapSizeAfterScaled=(529, 1115)
2025-07-12 19:36:31.270  2558-4883  WindowManager           system_server                        D  wms.finishDrawingLocked: mDrawState=COMMIT_DRAW_PENDING Window{7579d06 u0 com.lucasbeats.federacao/org.jitsi.jitsi_meet_flutter_sdk.WrapperJitsiMeetActivity} in Surface(name=com.lucasbeats.federacao/org.jitsi.jitsi_meet_flutter_sdk.WrapperJitsiMeetActivity)/@0xfd7ecc4
2025-07-12 19:36:31.402  2558-2795  WindowManager           system_server                        I  wms.showSurfaceRobustly mWin:Window{7579d06 u0 com.lucasbeats.federacao/org.jitsi.jitsi_meet_flutter_sdk.WrapperJitsiMeetActivity}
2025-07-12 19:36:31.462  2558-4426  WindowManager           system_server                        D  wms.Input focus has changed to Window{7579d06 u0 com.lucasbeats.federacao/org.jitsi.jitsi_meet_flutter_sdk.WrapperJitsiMeetActivity} display=0 updateInputWindows = true
2025-07-12 19:36:31.511  1517-4978  SurfaceFlinger          surfaceflinger                       I  sf.setTransactionState focusRequest transactionId:10986526575837 frontWin:7579d06 com.lucasbeats.federacao/org.jitsi.jitsi_meet_flutter_sdk.WrapperJitsiMeetActivity
2025-07-12 19:36:31.524  1517-2712  SurfaceFlinger          surfaceflinger                       D  updateInputFlinger::setFocusedWindow: windowName=7579d06 com.lucasbeats.federacao/org.jitsi.jitsi_meet_flutter_sdk.WrapperJitsiMeetActivity focusRequests.size=1
2025-07-12 19:36:31.695 11857-11857 Activity                com.lucasbeats.federacao             W  PerfMonitor: Slow Operation: Activity com.lucasbeats.federacao/org.jitsi.jitsi_meet_flutter_sdk.WrapperJitsiMeetActivity onResume took 178ms
2025-07-12 19:36:31.701  3915-3915  RecentsImpl             com.mi.android.globallauncher        D  mActivityStateObserver org.jitsi.jitsi_meet_flutter_sdk.WrapperJitsiMeetActivity
2025-07-12 19:36:31.702  3915-3915  RecentsImpl             com.mi.android.globallauncher        W  onResumed className=org.jitsi.jitsi_meet_flutter_sdk.WrapperJitsiMeetActivity   mIsInAnotherPro=false   isKeyguardLocked=false   mSecuritySpaceGuideShown=false
2025-07-12 19:36:31.703 13447-13447 RecentsImpl             com.mi.android.globallauncher        D  mActivityStateObserver org.jitsi.jitsi_meet_flutter_sdk.WrapperJitsiMeetActivity
2025-07-12 19:36:31.706 13447-13447 RecentsImpl             com.mi.android.globallauncher        W  onResumed className=org.jitsi.jitsi_meet_flutter_sdk.WrapperJitsiMeetActivity   mIsInAnotherPro=true   isKeyguardLocked=false   mSecuritySpaceGuideShown=false
2025-07-12 19:36:31.751  3915-4771  RecentsModel            com.mi.android.globallauncher        W  getRunningTask   taskInfo=TaskInfo{userId=0 taskId=323 displayId=0 isRunning=true baseIntent=Intent { act=android.intent.action.MAIN cat=[android.intent.category.LAUNCHER] flg=0x10200000 cmp=com.lucasbeats.federacao/.MainActivity } baseActivity=ComponentInfo{com.lucasbeats.federacao/com.lucasbeats.federacao.MainActivity} topActivity=ComponentInfo{com.lucasbeats.federacao/org.jitsi.jitsi_meet_flutter_sdk.WrapperJitsiMeetActivity} origActivity=null realActivity=ComponentInfo{com.lucasbeats.federacao/com.lucasbeats.federacao.MainActivity} numActivities=2 lastActiveTime=131645119 supportsSplitScreenMultiWindow=true supportsMultiWindow=true resizeMode=1 isResizeable=true minWidth=-1 minHeight=-1 defaultMinSize=200 token=WCT{android.window.IWindowContainerToken$Stub$Proxy@8e8f6ce} topActivityType=1 pictureInPictureParams=null shouldDockBigOverlays=false launchIntoPipHostTaskId=0 displayCutoutSafeInsets=Rect(0, 104 - 0, 0) topActivityInfo=ActivityInfo{7b809ef org.jitsi.jitsi_meet_flutter_sdk.WrapperJitsiMeetActivity} launchCookies=[] positionInParent=Point(0, 0) parentTaskId=-1 isFocused=true isVisible=true isSleeping=false topActivityInSizeCompat=false topActivityInMiuiSizeCompat=false topActivityEligibleForLetterboxEducation= false locusId=null displayAreaFeatureId=1 cameraCompatControlState=hidden mIsCastMode=false}
